                  Reporte Industrial    Período 6

Unidades                    Cambio    Dolares                         Cambio
--------                    ------    -------                         ------
Total Ordenes         9249     -3%    Ventas Industr.        $383278     -9%
Total Produc.        10370      7%    Precio Promedio        $ 43.00     -2%
Total Vendido         8913     -6%    Total Producción       $ 90647     -1%
Capac. Total         12115      9%    Costo Prom Pdun        $  8.74     -8%
Inventario            2857    104%    Total Costo Prom       $ 22.88      0%

Productividad               Cambio    Dolares                         Cambio
-------------               ------    -------                         ------
Empleo                 718     -1%    Tasa Prima                 10%      0%
Ventas/Empleado   $    534     -7%    Préstamo Límite        $ 50000      0%
Unid./Empleado       14.44      9%    Tasa del Impuesto          25%      0%
Invers. de Cap.   $ 473418     -1%    Imp. Pag. Período      $ 44783    -12%
Capacid. Utiliz.       86%     -1%    Imp. Pag. Fecha        $208767     27%

       BUSSINES LSBROSKI      LNE    TOROS  MCLOVIN      NYP PORTECHA   HERMES
       -------- -------- -------- -------- -------- -------- -------- --------
Ventas  $ 51840  $ 67040  $ 34815  $ 54296  $ 54252  $ 33867  $ 38400  $ 48768
Util.   $ 18885  $ 27560  $ 11364  $ 17930  $ 22150  $  7868  $  9274  $ 19310
Precio  $    36  $    40  $    55  $    44  $    36  $    53  $    50  $    48
GanRet  $ 88995  $ 86772  $ 61030  $ 75159  $ 92388  $ 64755  $ 62716  $ 83385
UnRepa      16%      19%       7%      14%      17%       7%       9%      11%
MPI         512      507      354      434      531      372      367      477

Industry Notes
--------------
 Con sus costos bajos las compañías tienen la oportunidad de bajar 
attract more customers.

 Aunque los precios son bajos, las ordenes y ventas son m s bajas 
 que la producci¢n. Los inventarios son altos. ¨Qu‚ direcci¢n 
 tomar n los precios probablemente el pr¢ximo per¡odo?

 La Capacidad Utilizada est  sobre el 80%, el m s eficiente nivel.
 Desde que el inventario fue incrementado este per¡odo, ¨en qu‚
 nivel esperas que la Capacidad estar  el pr¢ximo per¡odo?

 La Capacidad Utilizada ha caído porque el inventario se est  incrementando,
 pero todavía est  sobre el 80%, el m s eficiente nivel.

 La Inversi¢n de Capital es baja, esto har  que la Capacidad Utilizada sea baja 
 el pr¢ximo per¡odo. El costo por unidad puede ser m s alto, pudi‚ndose 
efficiently at a lower rate.

