            Reporte de la Compañía HERMES for Período 0

Estado de Ingresos         % Ventas  Reporte de Operaciones
------------------           ------  ----------------------
Ventas             $  11790    100%  Decisiones:Precio     $    30
CBV                $  -7215     61%             Producción     393 unid.
                  --------- -------             Marketing  $  1050
Margen Bruto       $   4575     39%             Inversión  $  1050
Marketing          $  -1050      9%             I & D      $   393
Depreciación       $  -1050      9%
I & D              $   -393      3%
Carga Social       $      0      0%  Reporte de Producción:
Cargo Inventario   $      0      0%  Producción                393 unid.
Interés            $   -238      2%  Capacid. de Fábrica       525 unid.
                  --------- -------  Capacid. Utilizada        75%
Utilid.ant.de Imp. $   1844     16%  Produc.Costo/Unidad   $ 18.36
Impuestos          $   -461      4%  Inventario                  0 unid.
                  --------- -------  Empleados                  79 trabaj.
Utilidad Neta      $   1383     12%

Hoja de Balance             % Total  Reporte de Marketing:
---------------             -------  Ordenes Recibidas         394 unid.
Efectivo           $  11879     36%  Ventas Realizadas         393 unid.
Inventario         $      0      0%  Ordenes no Realizadas       1 unid.
Inver. de Capital  $  21000     64%  Precio/Unid. Vendida  $ 30.00
                  --------- -------  Tot. Costo/Unid Vend. $ 25.31
Total Activo       $  32879    100%  Margen/Unid.Vendida   $  4.69

Préstamos          $   8658     26%  Reporte de Inversión:
Ganancias Reten.   $   1383      4%  Capacid.de Fabr. $  21000     525 unid.
Capital            $  22838     69%  Inversión Neta   $      0       0 unid.
                  --------- -------                   --------- ------
Pasivo+Patrimonio  $  32879    100%  Próx. Capacidad  $  21000     525 unid.

Flujo de Caja
---------
Caja Inicial       $  10496
Utilidad Neta      $   1383
Depreciación       $   1050
Invers. de Capital $  -1050
Cambio de Invent.  $      0
Préstamo Neto      $      0
                  ---------
Caja Final         $  11879

