                  Reporte Industrial    Período 4

Unidades                    Cambio    Dolares                         Cambio
--------                    ------    -------                         ------
Total Ordenes         9093      3%    Ventas Industr.        $384166     13%
Total Produc.         8579     31%    Precio Promedio        $ 48.90     -2%
Total Vendido         7856     17%    Total Producción       $ 86742     16%
Capac. Total         10022     27%    Costo Prom Pdun        $ 10.11    -11%
Inventario            1240    140%    Total Costo Prom       $ 28.94    -12%

Productividad               Cambio    Dolares                         Cambio
-------------               ------    -------                         ------
Empleo                 718      3%    Tasa Prima                 10%      0%
Ventas/Empleado   $    535     10%    Préstamo Límite        $ 50000      0%
Unid./Empleado       11.95     27%    Tasa del Impuesto          25%      0%
Invers. de Cap.   $ 446527     11%    Imp. Pag. Período      $ 39213     36%
Capacid. Utiliz.       86%      3%    Imp. Pag. Fecha        $112447     54%

       BUSSINES LSBROSKI      LNE    TOROS  MCLOVIN      NYP PORTECHA   HERMES
       -------- -------- -------- -------- -------- -------- -------- --------
Ventas  $ 47025  $ 58512  $ 45100  $ 44770  $ 53721  $ 43253  $ 42450  $ 49335
Util.   $ 14747  $ 16058  $ 16670  $ 12200  $ 19136  $ 10264  $ 13286  $ 15274
Precio  $    55  $    53  $    44  $    55  $    47  $    37  $    50  $    55
GanRet  $ 48983  $ 41791  $ 30828  $ 34354  $ 47110  $ 40641  $ 40864  $ 41685
UnRepa      11%      14%      13%      10%      15%      15%      11%      11%
MPI         402      350      272      287      393      348      340      351

Industry Notes
--------------
 Con sus costos bajos las compañías tienen la oportunidad de bajar 
attract more customers.

 La Capacidad Utilizada est  sobre el 80%, el m s eficiente nivel.
 Desde que el inventario fue incrementado este per¡odo, ¨en qu‚
 nivel esperas que la Capacidad estar  el pr¢ximo per¡odo?

 Con una Inversi¢n de Capital alto, habr  m s capacidad en la industria el 
 pr¢ximo per¡odo. Para las compa¤¡as que invirtieron, operaciones eficientes 
 que requer¡an una producción m s alta pero con un costo m s bajo por unidad.

