                  Reporte Industrial    Período 2

Unidades                    Cambio    Dolares                         Cambio
--------                    ------    -------                         ------
Total Ordenes         5928      8%    Ventas Industr.        $269792     50%
Total Produc.         5186     54%    Precio Promedio        $ 59.22      7%
Total Vendido         4556     40%    Total Producción       $ 69024     14%
Capac. Total          6234     48%    Costo Prom Pdun        $ 13.31    -25%
Inventario             734    606%    Total Costo Prom       $ 36.80    -20%

Productividad               Cambio    Dolares                         Cambio
-------------               ------    -------                         ------
Empleo                 698      4%    Tasa Prima                 10%      0%
Ventas/Empleado   $    387     45%    Préstamo Límite        $ 50000      0%
Unid./Empleado        7.43     49%    Tasa del Impuesto          25%      0%
Invers. de Cap.   $ 307065     23%    Imp. Pag. Período      $ 25538    272%
Capacid. Utiliz.       83%      3%    Imp. Pag. Fecha        $ 36091    242%

         ATENEA     TINA ARTEMISA     TRES  ALIADIN  CHIDOXX  IRONBAD MOUNTAIN
       -------- -------- -------- -------- -------- -------- -------- --------
Ventas  $ 31293  $ 35632  $ 34086  $ 29043  $ 32240  $ 30668  $ 47190  $ 29640
Util.   $  6956  $  8390  $ 11503  $  6211  $ 11501  $  6958  $ 16151  $  8940
Precio  $    61  $    68  $    46  $    63  $    52  $    68  $    65  $    57
GanRet  $ 10492  $ 12411  $ 16799  $  6790  $ 16839  $ 12238  $ 19017  $ 13680
UnRepa      11%      12%      16%      10%      14%      10%      16%      11%
MPI         171      201      252      128      248      194      288      205

Industry Notes
--------------
 Si los costos son bajos y los precios suben, los margenes de utilidad.
 mejorar n. ¨Probablemente qu‚ pasar  con los precios el pr¢ximo per¡odo?

 Las ordenes excedieron a la producción aún cuando los precios se incrementaron.
 Algunas compañías deben tener inversiones fuertes en Marketing o en I&D.

 La Capacidad Utilizada est  sobre el 80%, el m s eficiente nivel.
 Desde que el inventario fue incrementado este per¡odo, ¨en qu‚
 nivel esperas que la Capacidad estar  el pr¢ximo per¡odo?

 Con una Inversi¢n de Capital alto, habr  m s capacidad en la industria el 
 pr¢ximo per¡odo. Para las compa¤¡as que invirtieron, operaciones eficientes 
 que requer¡an una producción m s alta pero con un costo m s bajo por unidad.

