            Reporte de la Compañía MCLOVIN for Período 2

Estado de Ingresos         % Ventas  Reporte de Operaciones
------------------           ------  ----------------------
Ventas             $  43028    100%  Decisiones:Precio     $    62
CBV                $  -9209     21%             Producción     740 unid.
                  --------- -------             Marketing  $  4500
Margen Bruto       $  33819     79%             Inversión  $  8745
Marketing          $  -4500     10%             I & D      $ 10000
Depreciación       $  -1645      4%
I & D              $ -10000     23%
Carga Social       $      0      0%  Reporte de Producción:
Cargo Inventario   $      0      0%  Producción                740 unid.
Interés            $  -1088      3%  Capacid. de Fábrica       822 unid.
                  --------- -------  Capacid. Utilizada        90%
Utilid.ant.de Imp. $  16586     39%  Produc.Costo/Unidad   $ 13.27
Impuestos          $  -4147     10%  Inventario                 46 unid.
                  --------- -------  Empleados                  94 trabaj.
Utilidad Neta      $  12439     29%

Hoja de Balance             % Total  Reporte de Marketing:
---------------             -------  Ordenes Recibidas         694 unid.
Efectivo           $  36149     47%  Ventas Realizadas         694 unid.
Inventario         $    610      1%  Ordenes no Realizadas       0 unid.
Inver. de Capital  $  40000     52%  Precio/Unid. Vendida  $ 62.00
                  --------- -------  Tot. Costo/Unid Vend. $ 38.10
Total Activo       $  76759    100%  Margen/Unid.Vendida   $ 23.90

Préstamos          $  39567     52%  Reporte de Inversión:
Ganancias Reten.   $  14354     19%  Capacid.de Fabr. $  32900     822 unid.
Capital            $  22838     30%  Inversión Neta   $   7100     178 unid.
                  --------- -------                   --------- ------
Pasivo+Patrimonio  $  76759    100%  Próx. Capacidad  $  40000    1000 unid.

Flujo de Caja
---------
Caja Inicial       $  22236
Utilidad Neta      $  12439
Depreciación       $   1645
Invers. de Capital $  -8745
Cambio de Invent.  $   -610
Préstamo Neto      $   9184
                  ---------
Caja Final         $  36149

 La producción (cantidad ofertada) fue mayor que la demanda.
--Puede incrementar la cantidad demandada con un precio m s bajo.
--Puede incrementar la demanda (la curva de la demanda cambia a la derecha) 
 inviertiendo m s en el marketing e I & D.
--Puede reducir la cantidad ofertada produciendo menos.

 Su producción est  por encima del 5 23601el costo mínimo por unidad, del nivel 
 de producción. Ud. podría reducir la producción o incrementar la capacidad 
 para lograr un costo mínimo por unidad.

