            Reporte de la Compañía NYP for Período 2

Estado de Ingresos         % Ventas  Reporte de Operaciones
------------------           ------  ----------------------
Ventas             $  36400    100%  Decisiones:Precio     $    52
CBV                $ -10353     28%             Producción     700 unid.
                  --------- -------             Marketing  $  1050
Margen Bruto       $  26047     72%             Inversión  $  9000
Marketing          $  -1050      3%             I & D      $  6000
Depreciación       $  -1498      4%
I & D              $  -6000     16%
Carga Social       $      0      0%  Reporte de Producción:
Cargo Inventario   $      0      0%  Producción                700 unid.
Interés            $   -634      2%  Capacid. de Fábrica       748 unid.
                  --------- -------  Capacid. Utilizada        94%
Utilid.ant.de Imp. $  16865     46%  Produc.Costo/Unidad   $ 14.79
Impuestos          $  -4216     12%  Inventario                  0 unid.
                  --------- -------  Empleados                  98 trabaj.
Utilidad Neta      $  12649     35%

Hoja de Balance             % Total  Reporte de Marketing:
---------------             -------  Ordenes Recibidas        1037 unid.
Efectivo           $  30052     45%  Ventas Realizadas         700 unid.
Inventario         $      0      0%  Ordenes no Realizadas     337 unid.
Inver. de Capital  $  37452     55%  Precio/Unid. Vendida  $ 52.00
                  --------- -------  Tot. Costo/Unid Vend. $ 27.91
Total Activo       $  67504    100%  Margen/Unid.Vendida   $ 24.09

Préstamos          $  23061     34%  Reporte de Inversión:
Ganancias Reten.   $  21605     32%  Capacid.de Fabr. $  29950     748 unid.
Capital            $  22838     34%  Inversión Neta   $   7502     188 unid.
                  --------- -------                   --------- ------
Pasivo+Patrimonio  $  67504    100%  Próx. Capacidad  $  37452     936 unid.

Flujo de Caja
---------
Caja Inicial       $  17008
Utilidad Neta      $  12649
Depreciación       $   1498
Invers. de Capital $  -9000
Cambio de Invent.  $      0
Préstamo Neto      $   7897
                  ---------
Caja Final         $  30052

 La cantidad demandada fue mayor que la producción (cantidad ofertada).
--Puede reducir la cantidad demandada con un precio m s alto.
--Puede reducir la demanda (la curva de la demanda cambiar a la izquierda)
 con menos marketing y/o menos I&D.
--Puede incrementar la cantidad ofertada con más producción.

 Su producción est  por encima del 5 23601el costo mínimo por unidad, del nivel 
 de producción. Ud. podría reducir la producción o incrementar la capacidad 
 para lograr un costo mínimo por unidad.

