            Reporte de la Compañía PORTECHA for Período 2

Estado de Ingresos         % Ventas  Reporte de Operaciones
------------------           ------  ----------------------
Ventas             $  41405    100%  Decisiones:Precio     $    65
CBV                $  -8421     20%             Producción     637 unid.
                  --------- -------             Marketing  $  6500
Margen Bruto       $  32984     80%             Inversión  $  9000
Marketing          $  -6500     16%             I & D      $  3000
Depreciación       $  -1548      4%
I & D              $  -3000      7%
Carga Social       $      0      0%  Reporte de Producción:
Cargo Inventario   $      0      0%  Producción                637 unid.
Interés            $   -779      2%  Capacid. de Fábrica       773 unid.
                  --------- -------  Capacid. Utilizada        82%
Utilid.ant.de Imp. $  21157     51%  Produc.Costo/Unidad   $ 13.22
Impuestos          $  -5289     13%  Inventario                  0 unid.
                  --------- -------  Empleados                  86 trabaj.
Utilidad Neta      $  15868     38%

Hoja de Balance             % Total  Reporte de Marketing:
---------------             -------  Ordenes Recibidas         717 unid.
Efectivo           $  33789     47%  Ventas Realizadas         637 unid.
Inventario         $      0      0%  Ordenes no Realizadas      80 unid.
Inver. de Capital  $  38402     53%  Precio/Unid. Vendida  $ 65.00
                  --------- -------  Tot. Costo/Unid Vend. $ 31.79
Total Activo       $  72191    100%  Margen/Unid.Vendida   $ 33.21

Préstamos          $  28324     39%  Reporte de Inversión:
Ganancias Reten.   $  21029     29%  Capacid.de Fabr. $  30950     773 unid.
Capital            $  22838     32%  Inversión Neta   $   7452     186 unid.
                  --------- -------                   --------- ------
Pasivo+Patrimonio  $  72191    100%  Próx. Capacidad  $  38402     960 unid.

Flujo de Caja
---------
Caja Inicial       $  19338
Utilidad Neta      $  15868
Depreciación       $   1548
Invers. de Capital $  -9000
Cambio de Invent.  $      0
Préstamo Neto      $   6035
                  ---------
Caja Final         $  33789

 La cantidad demandada fue mayor que la producción (cantidad ofertada).
--Puede reducir la cantidad demandada con un precio m s alto.
--Puede reducir la demanda (la curva de la demanda cambiar a la izquierda)
 con menos marketing y/o menos I&D.
--Puede incrementar la cantidad ofertada con más producción.

