            Reporte de la Compañía MCLOVIN for Período 5

Estado de Ingresos         % Ventas  Reporte de Operaciones
------------------           ------  ----------------------
Ventas             $  51876    100%  Decisiones:Precio     $    44
CBV                $ -10752     21%             Producción    1305 unid.
                  --------- -------             Marketing  $  7000
Margen Bruto       $  41124     79%             Inversión  $  9900
Marketing          $  -7000     13%             I & D      $     3
Depreciación       $  -2900      6%
I & D              $     -3      0%
Carga Social       $      0      0%  Reporte de Producción:
Cargo Inventario   $      0      0%  Producción               1305 unid.
Interés            $   -384      1%  Capacid. de Fábrica      1450 unid.
                  --------- -------  Capacid. Utilizada        90%
Utilid.ant.de Imp. $  30837     59%  Produc.Costo/Unidad   $  9.12
Impuestos          $  -7709     15%  Inventario                126 unid.
                  --------- -------  Empleados                  95 trabaj.
Utilidad Neta      $  23128     45%

Hoja de Balance             % Total  Reporte de Marketing:
---------------             -------  Ordenes Recibidas        1179 unid.
Efectivo           $  40884     38%  Ventas Realizadas        1179 unid.
Inventario         $   1149      1%  Ordenes no Realizadas       0 unid.
Inver. de Capital  $  65000     61%  Precio/Unid. Vendida  $ 44.00
                  --------- -------  Tot. Costo/Unid Vend. $ 17.84
Total Activo       $ 107033    100%  Margen/Unid.Vendida   $ 26.16

Préstamos          $  13957     13%  Reporte de Inversión:
Ganancias Reten.   $  70238     66%  Capacid.de Fabr. $  58000    1450 unid.
Capital            $  22838     21%  Inversión Neta   $   7000     175 unid.
                  --------- -------                   --------- ------
Pasivo+Patrimonio  $ 107033    100%  Próx. Capacidad  $  65000    1625 unid.

Flujo de Caja
---------
Caja Inicial       $  43917
Utilidad Neta      $  23128
Depreciación       $   2900
Invers. de Capital $  -9900
Cambio de Invent.  $  -1149
Préstamo Neto      $ -18013
                  ---------
Caja Final         $  40884

 La producción (cantidad ofertada) fue mayor que la demanda.
--Puede incrementar la cantidad demandada con un precio m s bajo.
--Puede incrementar la demanda (la curva de la demanda cambia a la derecha) 
 inviertiendo m s en el marketing e I & D.
--Puede reducir la cantidad ofertada produciendo menos.

 Su producción est  por encima del 5 23601el costo mínimo por unidad, del nivel 
 de producción. Ud. podría reducir la producción o incrementar la capacidad 
 para lograr un costo mínimo por unidad.

