            Reporte de la Compañía PORTECHA for Período 5

Estado de Ingresos         % Ventas  Reporte de Operaciones
------------------           ------  ----------------------
Ventas             $  47745    100%  Decisiones:Precio     $    45
CBV                $  -9167     19%             Producción    1120 unid.
                  --------- -------             Marketing  $ 10000
Margen Bruto       $  38578     81%             Inversión  $ 10000
Marketing          $ -10000     21%             I & D      $  8000
Depreciación       $  -2850      6%
I & D              $  -8000     17%
Carga Social       $    -10      0%  Reporte de Producción:
Cargo Inventario   $   -140      0%  Producción               1120 unid.
Interés            $   -807      2%  Capacid. de Fábrica      1425 unid.
                  --------- -------  Capacid. Utilizada        79%
Utilid.ant.de Imp. $  16771     35%  Produc.Costo/Unidad   $  8.55
Impuestos          $  -4193      9%  Inventario                199 unid.
                  --------- -------  Empleados                  83 trabaj.
Utilidad Neta      $  12578     26%

Hoja de Balance             % Total  Reporte de Marketing:
---------------             -------  Ordenes Recibidas        1061 unid.
Efectivo           $  39745     38%  Ventas Realizadas        1061 unid.
Inventario         $   1720      2%  Ordenes no Realizadas       0 unid.
Inver. de Capital  $  64158     61%  Precio/Unid. Vendida  $ 45.00
                  --------- -------  Tot. Costo/Unid Vend. $ 29.18
Total Activo       $ 105623    100%  Margen/Unid.Vendida   $ 15.82

Préstamos          $  29343     28%  Reporte de Inversión:
Ganancias Reten.   $  53442     51%  Capacid.de Fabr. $  57008    1425 unid.
Capital            $  22838     22%  Inversión Neta   $   7150     179 unid.
                  --------- -------                   --------- ------
Pasivo+Patrimonio  $ 105623    100%  Próx. Capacidad  $  64158    1604 unid.

Flujo de Caja
---------
Caja Inicial       $  34741
Utilidad Neta      $  12578
Depreciación       $   2850
Invers. de Capital $ -10000
Cambio de Invent.  $   -409
Préstamo Neto      $    -15
                  ---------
Caja Final         $  39745

 La producción (cantidad ofertada) fue mayor que la demanda.
--Puede incrementar la cantidad demandada con un precio m s bajo.
--Puede incrementar la demanda (la curva de la demanda cambia a la derecha) 
 inviertiendo m s en el marketing e I & D.
--Puede reducir la cantidad ofertada produciendo menos.

 En este período su inventario excede 10 23601e su producción. Remember
there is an opportunity cost to carrying inventory. 
¿Es esto parte de su estrategia a largo plazo?

