            Reporte de la Compañía HERMES for Período 5

Estado de Ingresos         % Ventas  Reporte de Operaciones
------------------           ------  ----------------------
Ventas             $  52350    100%  Decisiones:Precio     $    50
CBV                $  -9151     17%             Producción    1120 unid.
                  --------- -------             Marketing  $ 10000
Margen Bruto       $  43199     83%             Inversión  $  2800
Marketing          $ -10000     19%             I & D      $    10
Depreciación       $  -2800      5%
I & D              $    -10      0%
Carga Social       $      0      0%  Reporte de Producción:
Cargo Inventario   $   -181      0%  Producción               1120 unid.
Interés            $   -354      1%  Capacid. de Fábrica      1400 unid.
                  --------- -------  Capacid. Utilizada        80%
Utilid.ant.de Imp. $  29854     57%  Produc.Costo/Unidad   $  8.63
Impuestos          $  -7464     14%  Inventario                254 unid.
                  --------- -------  Empleados                  84 trabaj.
Utilidad Neta      $  22390     43%

Hoja de Balance             % Total  Reporte de Marketing:
---------------             -------  Ordenes Recibidas        1047 unid.
Efectivo           $  41551     42%  Ventas Realizadas        1047 unid.
Inventario         $   2221      2%  Ordenes no Realizadas       0 unid.
Inver. de Capital  $  56000     56%  Precio/Unid. Vendida  $ 50.00
                  --------- -------  Tot. Costo/Unid Vend. $ 21.49
Total Activo       $  99772    100%  Margen/Unid.Vendida   $ 28.51

Préstamos          $  12859     13%  Reporte de Inversión:
Ganancias Reten.   $  64075     64%  Capacid.de Fabr. $  56000    1400 unid.
Capital            $  22838     23%  Inversión Neta   $      0       0 unid.
                  --------- -------                   --------- ------
Pasivo+Patrimonio  $  99772    100%  Próx. Capacidad  $  56000    1400 unid.

Flujo de Caja
---------
Caja Inicial       $  40732
Utilidad Neta      $  22390
Depreciación       $   2800
Invers. de Capital $  -2800
Cambio de Invent.  $   -515
Préstamo Neto      $ -21056
                  ---------
Caja Final         $  41551

 La producción (cantidad ofertada) fue mayor que la demanda.
--Puede incrementar la cantidad demandada con un precio m s bajo.
--Puede incrementar la demanda (la curva de la demanda cambia a la derecha) 
 inviertiendo m s en el marketing e I & D.
--Puede reducir la cantidad ofertada produciendo menos.

 En este período su inventario excede 10 23601e su producción. Remember
there is an opportunity cost to carrying inventory. 
¿Es esto parte de su estrategia a largo plazo?

