            Reporte de la Compañía TRES for Período 3

Estado de Ingresos         % Ventas  Reporte de Operaciones
------------------           ------  ----------------------
Ventas             $  51559    100%  Decisiones:Precio     $    47
CBV                $ -12890     25%             Producción     900 unid.
                  --------- -------             Marketing  $  6240
Margen Bruto       $  38669     75%             Inversión  $ 12000
Marketing          $  -6240     12%             I & D      $  4000
Depreciación       $  -2000      4%
I & D              $  -4000      8%
Carga Social       $      0      0%  Reporte de Producción:
Cargo Inventario   $      0      0%  Producción                900 unid.
Interés            $  -1196      2%  Capacid. de Fábrica      1000 unid.
                  --------- -------  Capacid. Utilizada        90%
Utilid.ant.de Imp. $  25233     49%  Produc.Costo/Unidad   $ 11.57
Impuestos          $  -6308     12%  Inventario                  0 unid.
                  --------- -------  Empleados                  95 trabaj.
Utilidad Neta      $  18925     37%

Hoja de Balance             % Total  Reporte de Marketing:
---------------             -------  Ordenes Recibidas        1311 unid.
Efectivo           $  42055     46%  Ventas Realizadas        1097 unid.
Inventario         $      0      0%  Ordenes no Realizadas     214 unid.
Inver. de Capital  $  50000     54%  Precio/Unid. Vendida  $ 47.00
                  --------- -------  Tot. Costo/Unid Vend. $ 24.00
Total Activo       $  92055    100%  Margen/Unid.Vendida   $ 23.00

Préstamos          $  43502     47%  Reporte de Inversión:
Ganancias Reten.   $  25715     28%  Capacid.de Fabr. $  40000    1000 unid.
Capital            $  22838     25%  Inversión Neta   $  10000     250 unid.
                  --------- -------                   --------- ------
Pasivo+Patrimonio  $  92055    100%  Próx. Capacidad  $  50000    1250 unid.

Flujo de Caja
---------
Caja Inicial       $  24305
Utilidad Neta      $  18925
Depreciación       $   2000
Invers. de Capital $ -12000
Cambio de Invent.  $   2477
Préstamo Neto      $   6348
                  ---------
Caja Final         $  42055

 La cantidad demandada fue mayor que la producción (cantidad ofertada).
--Puede reducir la cantidad demandada con un precio m s alto.
--Puede reducir la demanda (la curva de la demanda cambiar a la izquierda)
 con menos marketing y/o menos I&D.
--Puede incrementar la cantidad ofertada con más producción.

 Su producción est  por encima del 5 23601el costo mínimo por unidad, del nivel 
 de producción. Ud. podría reducir la producción o incrementar la capacidad 
 para lograr un costo mínimo por unidad.

