            Reporte de la Compañía ALIADIN for Período 3

Estado de Ingresos         % Ventas  Reporte de Operaciones
------------------           ------  ----------------------
Ventas             $  36864    100%  Decisiones:Precio     $    48
CBV                $  -8602     23%             Producción     768 unid.
                  --------- -------             Marketing  $  4125
Margen Bruto       $  28262     77%             Inversión  $ 13000
Marketing          $  -4125     11%             I & D      $  3500
Depreciación       $  -1920      5%
I & D              $  -3500      9%
Carga Social       $      0      0%  Reporte de Producción:
Cargo Inventario   $      0      0%  Producción                768 unid.
Interés            $   -716      2%  Capacid. de Fábrica       960 unid.
                  --------- -------  Capacid. Utilizada        80%
Utilid.ant.de Imp. $  18001     49%  Produc.Costo/Unidad   $ 11.20
Impuestos          $  -4500     12%  Inventario                  0 unid.
                  --------- -------  Empleados                  84 trabaj.
Utilidad Neta      $  13501     37%

Hoja de Balance             % Total  Reporte de Marketing:
---------------             -------  Ordenes Recibidas         803 unid.
Efectivo           $  29728     38%  Ventas Realizadas         768 unid.
Inventario         $      0      0%  Ordenes no Realizadas      35 unid.
Inver. de Capital  $  49482     62%  Precio/Unid. Vendida  $ 48.00
                  --------- -------  Tot. Costo/Unid Vend. $ 24.56
Total Activo       $  79210    100%  Margen/Unid.Vendida   $ 23.44

Préstamos          $  26032     33%  Reporte de Inversión:
Ganancias Reten.   $  30340     38%  Capacid.de Fabr. $  38402     960 unid.
Capital            $  22838     29%  Inversión Neta   $  11080     277 unid.
                  --------- -------                   --------- ------
Pasivo+Patrimonio  $  79210    100%  Próx. Capacidad  $  49482    1237 unid.

Flujo de Caja
---------
Caja Inicial       $  26173
Utilidad Neta      $  13501
Depreciación       $   1920
Invers. de Capital $ -13000
Cambio de Invent.  $      0
Préstamo Neto      $   1134
                  ---------
Caja Final         $  29728

 Felicitaciones! Ud. ha logrado balancear su producción (cantidad ofertada) y 
 ordenes (cantidad demandada) con un margen del 5%.

