            Reporte de la Compañía CHIDOXX for Período 3

Estado de Ingresos         % Ventas  Reporte de Operaciones
------------------           ------  ----------------------
Ventas             $  43890    100%  Decisiones:Precio     $    66
CBV                $  -7621     17%             Producción     790 unid.
                  --------- -------             Marketing  $  6500
Margen Bruto       $  36269     83%             Inversión  $ 10500
Marketing          $  -6500     15%             I & D      $  8000
Depreciación       $  -1970      4%
I & D              $  -8000     18%
Carga Social       $    -50      0%  Reporte de Producción:
Cargo Inventario   $   -230      1%  Producción                790 unid.
Interés            $  -1074      2%  Capacid. de Fábrica       985 unid.
                  --------- -------  Capacid. Utilizada        80%
Utilid.ant.de Imp. $  18445     42%  Produc.Costo/Unidad   $ 11.00
Impuestos          $  -4611     11%  Inventario                355 unid.
                  --------- -------  Empleados                  84 trabaj.
Utilidad Neta      $  13834     32%

Hoja de Balance             % Total  Reporte de Marketing:
---------------             -------  Ordenes Recibidas         665 unid.
Efectivo           $  35954     41%  Ventas Realizadas         665 unid.
Inventario         $   4065      5%  Ordenes no Realizadas       0 unid.
Inver. de Capital  $  47930     54%  Precio/Unid. Vendida  $ 66.00
                  --------- -------  Tot. Costo/Unid Vend. $ 38.19
Total Activo       $  87949    100%  Margen/Unid.Vendida   $ 27.81

Préstamos          $  39039     44%  Reporte de Inversión:
Ganancias Reten.   $  26072     30%  Capacid.de Fabr. $  39400     985 unid.
Capital            $  22838     26%  Inversión Neta   $   8530     213 unid.
                  --------- -------                   --------- ------
Pasivo+Patrimonio  $  87949    100%  Próx. Capacidad  $  47930    1198 unid.

Flujo de Caja
---------
Caja Inicial       $  25835
Utilidad Neta      $  13834
Depreciación       $   1970
Invers. de Capital $ -10500
Cambio de Invent.  $  -1070
Préstamo Neto      $   5885
                  ---------
Caja Final         $  35954

 La producción (cantidad ofertada) fue mayor que la demanda.
--Puede incrementar la cantidad demandada con un precio m s bajo.
--Puede incrementar la demanda (la curva de la demanda cambia a la derecha) 
 inviertiendo m s en el marketing e I & D.
--Puede reducir la cantidad ofertada produciendo menos.

 En este período su inventario excede 10 23601e su producción. Remember
there is an opportunity cost to carrying inventory. 
¿Es esto parte de su estrategia a largo plazo?

