            Reporte de la Compañía IRONBAD for Período 3

Estado de Ingresos         % Ventas  Reporte de Operaciones
------------------           ------  ----------------------
Ventas             $  43160    100%  Decisiones:Precio     $    65
CBV                $  -7184     17%             Producción     805 unid.
                  --------- -------             Marketing  $  7000
Margen Bruto       $  35976     83%             Inversión  $ 12966
Marketing          $  -7000     16%             I & D      $  7000
Depreciación       $  -2015      5%
I & D              $  -7000     16%
Carga Social       $      0      0%  Reporte de Producción:
Cargo Inventario   $      0      0%  Producción                805 unid.
Interés            $   -883      2%  Capacid. de Fábrica      1007 unid.
                  --------- -------  Capacid. Utilizada        80%
Utilid.ant.de Imp. $  19078     44%  Produc.Costo/Unidad   $ 10.82
Impuestos          $  -4770     11%  Inventario                141 unid.
                  --------- -------  Empleados                  84 trabaj.
Utilidad Neta      $  14308     33%

Hoja de Balance             % Total  Reporte de Marketing:
---------------             -------  Ordenes Recibidas         664 unid.
Efectivo           $  35492     40%  Ventas Realizadas         664 unid.
Inventario         $   1526      2%  Ordenes no Realizadas       0 unid.
Inver. de Capital  $  51250     58%  Precio/Unid. Vendida  $ 65.00
                  --------- -------  Tot. Costo/Unid Vend. $ 36.27
Total Activo       $  88268    100%  Margen/Unid.Vendida   $ 28.73

Préstamos          $  32105     36%  Reporte de Inversión:
Ganancias Reten.   $  33325     38%  Capacid.de Fabr. $  40299    1007 unid.
Capital            $  22838     26%  Inversión Neta   $  10951     274 unid.
                  --------- -------                   --------- ------
Pasivo+Patrimonio  $  88268    100%  Próx. Capacidad  $  51250    1281 unid.

Flujo de Caja
---------
Caja Inicial       $  39129
Utilidad Neta      $  14308
Depreciación       $   2015
Invers. de Capital $ -12966
Cambio de Invent.  $  -1526
Préstamo Neto      $  -5468
                  ---------
Caja Final         $  35492

 La producción (cantidad ofertada) fue mayor que la demanda.
--Puede incrementar la cantidad demandada con un precio m s bajo.
--Puede incrementar la demanda (la curva de la demanda cambia a la derecha) 
 inviertiendo m s en el marketing e I & D.
--Puede reducir la cantidad ofertada produciendo menos.

 En este período su inventario excede 10 23601e su producción. Remember
there is an opportunity cost to carrying inventory. 
¿Es esto parte de su estrategia a largo plazo?

