                  Reporte Industrial    Período 2

Unidades                    Cambio    Dolares                         Cambio
--------                    ------    -------                         ------
Total Ordenes         6016     10%    Ventas Industr.        $314700     62%
Total Produc.         5785     66%    Precio Promedio        $ 61.81     10%
Total Vendido         5091     47%    Total Producción       $ 80768     25%
Capac. Total          6412     53%    Costo Prom Pdun        $ 13.96    -23%
Inventario             718   2892%    Total Costo Prom       $ 38.22    -20%

Productividad               Cambio    Dolares                         Cambio
-------------               ------    -------                         ------
Empleo                 757      8%    Tasa Prima                 10%      0%
Ventas/Empleado   $    416     49%    Préstamo Límite        $ 50000      0%
Unid./Empleado        7.64     53%    Tasa del Impuesto          25%      0%
Invers. de Cap.   $ 314760     23%    Imp. Pag. Período      $ 30028    331%
Capacid. Utiliz.       90%      7%    Imp. Pag. Fecha        $ 44378    209%

       BUSSINES LSBROSKI      LNE    TOROS  MCLOVIN      NYP PORTECHA   HERMES
       -------- -------- -------- -------- -------- -------- -------- --------
Ventas  $ 49848  $ 31614  $ 38500  $ 32305  $ 43028  $ 36400  $ 41405  $ 41600
Util.   $ 16154  $  6388  $  9388  $  6880  $ 12440  $ 12649  $ 15868  $ 10314
Precio  $    67  $    66  $    55  $    65  $    62  $    52  $    65  $    65
GanRet  $ 20197  $  9715  $  9478  $ 11459  $ 14354  $ 21605  $ 21029  $ 14224
UnRepa      15%       9%      14%      10%      14%      14%      13%      13%
MPI         296      159      165      179      224      301      297      222

Industry Notes
--------------
 Si los costos son bajos y los precios suben, los margenes de utilidad.
 mejorar n. ¨Probablemente qu‚ pasar  con los precios el pr¢ximo per¡odo?

 Las ordenes excedieron a la producción aún cuando los precios se incrementaron.
 Algunas compañías deben tener inversiones fuertes en Marketing o en I&D.

 La Capacidad Utilizada est  sobre el 80%, el m s eficiente nivel.
 Desde que el inventario fue incrementado este per¡odo, ¨en qu‚
 nivel esperas que la Capacidad estar  el pr¢ximo per¡odo?

 Con una Inversi¢n de Capital alto, habr  m s capacidad en la industria el 
 pr¢ximo per¡odo. Para las compa¤¡as que invirtieron, operaciones eficientes 
 que requer¡an una producción m s alta pero con un costo m s bajo por unidad.

