                  Reporte Industrial    Período 6

Unidades                    Cambio    Dolares                         Cambio
--------                    ------    -------                         ------
Total Ordenes         9792     24%    Ventas Industr.        $330297     -8%
Total Produc.        10186      7%    Precio Promedio        $ 34.46    -24%
Total Vendido         9584     21%    Total Producción       $ 95932      5%
Capac. Total         11599      5%    Costo Prom Pdun        $  9.42     -1%
Inventario            4508     15%    Total Costo Prom       $ 22.13    -11%

Productividad               Cambio    Dolares                         Cambio
-------------               ------    -------                         ------
Empleo                 737      2%    Tasa Prima                 10%      0%
Ventas/Empleado   $    448    -10%    Préstamo Límite        $ 50000      0%
Unid./Empleado       13.82      5%    Tasa del Impuesto          25%      0%
Invers. de Cap.   $ 461716      0%    Imp. Pag. Período      $ 29530    -27%
Capacid. Utiliz.       88%      2%    Imp. Pag. Fecha        $189981     18%

         ATENEA     TINA ARTEMISA     TRES  ALIADIN  CHIDOXX  IRONBAD MOUNTAIN
       -------- -------- -------- -------- -------- -------- -------- --------
Ventas  $ 50680  $ 47634  $ 34504  $ 40584  $ 31510  $ 47136  $ 47625  $ 30624
Util.   $ 14781  $ 16028  $  6648  $ 10999  $  5673  $ 14626  $ 12874  $  6957
Precio  $    35  $    34  $    38  $    38  $    46  $    32  $    25  $    44
GanRet  $ 74573  $ 84081  $ 66027  $ 75824  $ 60195  $ 73003  $ 77003  $ 59219
UnRepa      15%      15%       9%      11%       7%      15%      20%       7%
MPI         467      508      385      432      352      436      479      341

Industry Notes
--------------
 Con sus costos bajos las compañías tienen la oportunidad de bajar 
attract more customers.

 Aunque los precios son bajos, las ordenes y ventas son m s bajas 
 que la producci¢n. Los inventarios son altos. ¨Qu‚ direcci¢n 
 tomar n los precios probablemente el pr¢ximo per¡odo?

 La Capacidad Utilizada est  sobre el 80%, el m s eficiente nivel.
 Desde que el inventario fue incrementado este per¡odo, ¨en qu‚
 nivel esperas que la Capacidad estar  el pr¢ximo per¡odo?

