            Reporte de la Compañía LNE for Período 6

Estado de Ingresos         % Ventas  Reporte de Operaciones
------------------           ------  ----------------------
Ventas             $  34815    100%  Decisiones:Precio     $    55
CBV                $  -5830     17%             Producción    1110 unid.
                  --------- -------             Marketing  $ 12000
Margen Bruto       $  28985     83%             Inversión  $     1
Marketing          $ -12000     34%             I & D      $     1
Depreciación       $  -2612      8%
I & D              $     -1      0%
Carga Social       $      0      0%  Reporte de Producción:
Cargo Inventario   $      0      0%  Producción               1110 unid.
Interés            $    780     -1%  Capacid. de Fábrica      1305 unid.
                  --------- -------  Capacid. Utilizada        85%
Utilid.ant.de Imp. $  15152     44%  Produc.Costo/Unidad   $  9.21
Impuestos          $  -3788     11%  Inventario                477 unid.
                  --------- -------  Empleados                  89 trabaj.
Utilidad Neta      $  11364     33%

Hoja de Balance             % Total  Reporte de Marketing:
---------------             -------  Ordenes Recibidas         633 unid.
Efectivo           $  29853     36%  Ventas Realizadas         633 unid.
Inventario         $   4394      5%  Ordenes no Realizadas       0 unid.
Inver. de Capital  $  49621     59%  Precio/Unid. Vendida  $ 55.00
                  --------- -------  Tot. Costo/Unid Vend. $ 31.06
Total Activo       $  83868    100%  Margen/Unid.Vendida   $ 23.94

Préstamos          $      0      0%  Reporte de Inversión:
Ganancias Reten.   $  61030     73%  Capacid.de Fabr. $  52232    1305 unid.
Capital            $  22838     27%  Inversión Neta   $  -2611     -65 unid.
                  --------- -------                   --------- ------
Pasivo+Patrimonio  $  83868    100%  Próx. Capacidad  $  49621    1241 unid.

Flujo de Caja
---------
Caja Inicial       $  39014
Utilidad Neta      $  11364
Depreciación       $   2612
Invers. de Capital $     -1
Cambio de Invent.  $  -4394
Préstamo Neto      $ -18742
                  ---------
Caja Final         $  29853

 La producción (cantidad ofertada) fue mayor que la demanda.
--Puede incrementar la cantidad demandada con un precio m s bajo.
--Puede incrementar la demanda (la curva de la demanda cambia a la derecha) 
 inviertiendo m s en el marketing e I & D.
--Puede reducir la cantidad ofertada produciendo menos.

 En este período su inventario excede 10 23601e su producción. Remember
there is an opportunity cost to carrying inventory. 
¿Es esto parte de su estrategia a largo plazo?

 Su producción est  por encima del 5 23601el costo mínimo por unidad, del nivel 
 de producción. Ud. podría reducir la producción o incrementar la capacidad 
 para lograr un costo mínimo por unidad.

