            Reporte de la Compañía TOROS for Período 6

Estado de Ingresos         % Ventas  Reporte de Operaciones
------------------           ------  ----------------------
Ventas             $  54296    100%  Decisiones:Precio     $    44
CBV                $ -13734     25%             Producción    1470 unid.
                  --------- -------             Marketing  $ 12000
Margen Bruto       $  40562     75%             Inversión  $  1000
Marketing          $ -12000     22%             I & D      $  1000
Depreciación       $  -2949      5%
I & D              $  -1000      2%
Carga Social       $      0      0%  Reporte de Producción:
Cargo Inventario   $   -408      1%  Producción               1470 unid.
Interés            $   -299      1%  Capacid. de Fábrica      1474 unid.
                  --------- -------  Capacid. Utilizada       100%
Utilid.ant.de Imp. $  23906     44%  Produc.Costo/Unidad   $ 11.03
Impuestos          $  -5977     11%  Inventario                644 unid.
                  --------- -------  Empleados                 105 trabaj.
Utilidad Neta      $  17929     33%

Hoja de Balance             % Total  Reporte de Marketing:
---------------             -------  Ordenes Recibidas        1234 unid.
Efectivo           $  44663     41%  Ventas Realizadas        1234 unid.
Inventario         $   7174      7%  Ordenes no Realizadas       0 unid.
Inver. de Capital  $  57033     52%  Precio/Unid. Vendida  $ 44.00
                  --------- -------  Tot. Costo/Unid Vend. $ 24.63
Total Activo       $ 108870    100%  Margen/Unid.Vendida   $ 19.37

Préstamos          $  10873     10%  Reporte de Inversión:
Ganancias Reten.   $  75159     69%  Capacid.de Fabr. $  58982    1474 unid.
Capital            $  22838     21%  Inversión Neta   $  -1949     -49 unid.
                  --------- -------                   --------- ------
Pasivo+Patrimonio  $ 108870    100%  Próx. Capacidad  $  57033    1426 unid.

Flujo de Caja
---------
Caja Inicial       $  48306
Utilidad Neta      $  17929
Depreciación       $   2949
Invers. de Capital $  -1000
Cambio de Invent.  $  -2480
Préstamo Neto      $ -21041
                  ---------
Caja Final         $  44663

 La producción (cantidad ofertada) fue mayor que la demanda.
--Puede incrementar la cantidad demandada con un precio m s bajo.
--Puede incrementar la demanda (la curva de la demanda cambia a la derecha) 
 inviertiendo m s en el marketing e I & D.
--Puede reducir la cantidad ofertada produciendo menos.

 En este período su inventario excede 10 23601e su producción. Remember
there is an opportunity cost to carrying inventory. 
¿Es esto parte de su estrategia a largo plazo?

 Su producción est  por encima del 5 23601el costo mínimo por unidad, del nivel 
 de producción. Ud. podría reducir la producción o incrementar la capacidad 
 para lograr un costo mínimo por unidad.

