            Reporte de la Compañía NYP for Período 6

Estado de Ingresos         % Ventas  Reporte de Operaciones
------------------           ------  ----------------------
Ventas             $  33867    100%  Decisiones:Precio     $    53
CBV                $  -5355     16%             Producción    1172 unid.
                  --------- -------             Marketing  $ 12000
Margen Bruto       $  28512     84%             Inversión  $  2560
Marketing          $ -12000     35%             I & D      $  3000
Depreciación       $  -2930      9%
I & D              $  -3000      9%
Carga Social       $      0      0%  Reporte de Producción:
Cargo Inventario   $      0      0%  Producción               1172 unid.
Interés            $    -91      0%  Capacid. de Fábrica      1464 unid.
                  --------- -------  Capacid. Utilizada        80%
Utilid.ant.de Imp. $  10491     31%  Produc.Costo/Unidad   $  8.38
Impuestos          $  -2623      8%  Inventario                533 unid.
                  --------- -------  Empleados                  84 trabaj.
Utilidad Neta      $   7868     23%

Hoja de Balance             % Total  Reporte de Marketing:
---------------             -------  Ordenes Recibidas         639 unid.
Efectivo           $  28222     31%  Ventas Realizadas         639 unid.
Inventario         $   4467      5%  Ordenes no Realizadas       0 unid.
Inver. de Capital  $  58222     64%  Precio/Unid. Vendida  $ 53.00
                  --------- -------  Tot. Costo/Unid Vend. $ 36.58
Total Activo       $  90911    100%  Margen/Unid.Vendida   $ 16.42

Préstamos          $   3318      4%  Reporte de Inversión:
Ganancias Reten.   $  64755     71%  Capacid.de Fabr. $  58592    1464 unid.
Capital            $  22838     25%  Inversión Neta   $   -370      -9 unid.
                  --------- -------                   --------- ------
Pasivo+Patrimonio  $  90911    100%  Próx. Capacidad  $  58222    1456 unid.

Flujo de Caja
---------
Caja Inicial       $  35617
Utilidad Neta      $   7868
Depreciación       $   2930
Invers. de Capital $  -2560
Cambio de Invent.  $  -4467
Préstamo Neto      $ -11165
                  ---------
Caja Final         $  28222

 La producción (cantidad ofertada) fue mayor que la demanda.
--Puede incrementar la cantidad demandada con un precio m s bajo.
--Puede incrementar la demanda (la curva de la demanda cambia a la derecha) 
 inviertiendo m s en el marketing e I & D.
--Puede reducir la cantidad ofertada produciendo menos.

 En este período su inventario excede 10 23601e su producción. Remember
there is an opportunity cost to carrying inventory. 
¿Es esto parte de su estrategia a largo plazo?

