            Reporte de la Compañía HERMES for Período 6

Estado de Ingresos         % Ventas  Reporte de Operaciones
------------------           ------  ----------------------
Ventas             $  48768    100%  Decisiones:Precio     $    48
CBV                $  -8788     18%             Producción    1120 unid.
                  --------- -------             Marketing  $ 12000
Margen Bruto       $  39980     82%             Inversión  $  2800
Marketing          $ -12000     25%             I & D      $    10
Depreciación       $  -2800      6%
I & D              $    -10      0%
Carga Social       $      0      0%  Reporte de Producción:
Cargo Inventario   $   -254      1%  Producción               1120 unid.
Interés            $    831     -1%  Capacid. de Fábrica      1400 unid.
                  --------- -------  Capacid. Utilizada        80%
Utilid.ant.de Imp. $  25747     53%  Produc.Costo/Unidad   $  8.63
Impuestos          $  -6437     13%  Inventario                358 unid.
                  --------- -------  Empleados                  84 trabaj.
Utilidad Neta      $  19310     40%

Hoja de Balance             % Total  Reporte de Marketing:
---------------             -------  Ordenes Recibidas        1016 unid.
Efectivo           $  47125     44%  Ventas Realizadas        1016 unid.
Inventario         $   3098      3%  Ordenes no Realizadas       0 unid.
Inver. de Capital  $  56000     53%  Precio/Unid. Vendida  $ 48.00
                  --------- -------  Tot. Costo/Unid Vend. $ 22.66
Total Activo       $ 106223    100%  Margen/Unid.Vendida   $ 25.34

Préstamos          $      0      0%  Reporte de Inversión:
Ganancias Reten.   $  83385     79%  Capacid.de Fabr. $  56000    1400 unid.
Capital            $  22838     22%  Inversión Neta   $      0       0 unid.
                  --------- -------                   --------- ------
Pasivo+Patrimonio  $ 106223    100%  Próx. Capacidad  $  56000    1400 unid.

Flujo de Caja
---------
Caja Inicial       $  41551
Utilidad Neta      $  19310
Depreciación       $   2800
Invers. de Capital $  -2800
Cambio de Invent.  $   -877
Préstamo Neto      $ -12859
                  ---------
Caja Final         $  47125

 La producción (cantidad ofertada) fue mayor que la demanda.
--Puede incrementar la cantidad demandada con un precio m s bajo.
--Puede incrementar la demanda (la curva de la demanda cambia a la derecha) 
 inviertiendo m s en el marketing e I & D.
--Puede reducir la cantidad ofertada produciendo menos.

 En este período su inventario excede 10 23601e su producción. Remember
there is an opportunity cost to carrying inventory. 
¿Es esto parte de su estrategia a largo plazo?

