            Reporte de la Compañía TINA for Período 2

Estado de Ingresos         % Ventas  Reporte de Operaciones
------------------           ------  ----------------------
Ventas             $  35632    100%  Decisiones:Precio     $    68
CBV                $  -6733     19%             Producción     659 unid.
                  --------- -------             Marketing  $  5000
Margen Bruto       $  28899     81%             Inversión  $  9000
Marketing          $  -5000     14%             I & D      $ 10000
Depreciación       $  -1648      5%
I & D              $ -10000     28%
Carga Social       $      0      0%  Reporte de Producción:
Cargo Inventario   $    -37      0%  Producción                659 unid.
Interés            $  -1028      3%  Capacid. de Fábrica       823 unid.
                  --------- -------  Capacid. Utilizada        80%
Utilid.ant.de Imp. $  11186     31%  Produc.Costo/Unidad   $ 12.56
Impuestos          $  -2797      8%  Inventario                172 unid.
                  --------- -------  Empleados                  84 trabaj.
Utilidad Neta      $   8389     24%

Hoja de Balance             % Total  Reporte de Marketing:
---------------             -------  Ordenes Recibidas         524 unid.
Efectivo           $  30122     41%  Ventas Realizadas         524 unid.
Inventario         $   2210      3%  Ordenes no Realizadas       0 unid.
Inver. de Capital  $  40302     55%  Precio/Unid. Vendida  $ 68.00
                  --------- -------  Tot. Costo/Unid Vend. $ 46.65
Total Activo       $  72634    100%  Margen/Unid.Vendida   $ 21.35

Préstamos          $  37385     51%  Reporte de Inversión:
Ganancias Reten.   $  12411     17%  Capacid.de Fabr. $  32950     823 unid.
Capital            $  22838     31%  Inversión Neta   $   7352     184 unid.
                  --------- -------                   --------- ------
Pasivo+Patrimonio  $  72634    100%  Próx. Capacidad  $  40302    1008 unid.

Flujo de Caja
---------
Caja Inicial       $  24033
Utilidad Neta      $   8389
Depreciación       $   1648
Invers. de Capital $  -9000
Cambio de Invent.  $  -1544
Préstamo Neto      $   6596
                  ---------
Caja Final         $  30122

 La producción (cantidad ofertada) fue mayor que la demanda.
--Puede incrementar la cantidad demandada con un precio m s bajo.
--Puede incrementar la demanda (la curva de la demanda cambia a la derecha) 
 inviertiendo m s en el marketing e I & D.
--Puede reducir la cantidad ofertada produciendo menos.

 En este período su inventario excede 10 23601e su producción. Remember
there is an opportunity cost to carrying inventory. 
¿Es esto parte de su estrategia a largo plazo?

