            Reporte de la Compañía TRES for Período 2

Estado de Ingresos         % Ventas  Reporte de Operaciones
------------------           ------  ----------------------
Ventas             $  29043    100%  Decisiones:Precio     $    63
CBV                $  -5795     20%             Producción     658 unid.
                  --------- -------             Marketing  $  2300
Margen Bruto       $  23248     80%             Inversión  $  8745
Marketing          $  -2300      8%             I & D      $ 10000
Depreciación       $  -1645      6%
I & D              $ -10000     34%
Carga Social       $      0      0%  Reporte de Producción:
Cargo Inventario   $      0      0%  Producción                658 unid.
Interés            $  -1022      4%  Capacid. de Fábrica       822 unid.
                  --------- -------  Capacid. Utilizada        80%
Utilid.ant.de Imp. $   8281     29%  Produc.Costo/Unidad   $ 12.57
Impuestos          $  -2070      7%  Inventario                197 unid.
                  --------- -------  Empleados                  84 trabaj.
Utilidad Neta      $   6211     21%

Hoja de Balance             % Total  Reporte de Marketing:
---------------             -------  Ordenes Recibidas         461 unid.
Efectivo           $  24305     36%  Ventas Realizadas         461 unid.
Inventario         $   2477      4%  Ordenes no Realizadas       0 unid.
Inver. de Capital  $  40000     60%  Precio/Unid. Vendida  $ 63.00
                  --------- -------  Tot. Costo/Unid Vend. $ 45.04
Total Activo       $  66782    100%  Margen/Unid.Vendida   $ 17.96

Préstamos          $  37154     56%  Reporte de Inversión:
Ganancias Reten.   $   6790     10%  Capacid.de Fabr. $  32900     822 unid.
Capital            $  22838     34%  Inversión Neta   $   7100     178 unid.
                  --------- -------                   --------- ------
Pasivo+Patrimonio  $  66782    100%  Próx. Capacidad  $  40000    1000 unid.

Flujo de Caja
---------
Caja Inicial       $  18606
Utilidad Neta      $   6211
Depreciación       $   1645
Invers. de Capital $  -8745
Cambio de Invent.  $  -2477
Préstamo Neto      $   9065
                  ---------
Caja Final         $  24305

 La producción (cantidad ofertada) fue mayor que la demanda.
--Puede incrementar la cantidad demandada con un precio m s bajo.
--Puede incrementar la demanda (la curva de la demanda cambia a la derecha) 
 inviertiendo m s en el marketing e I & D.
--Puede reducir la cantidad ofertada produciendo menos.

 En este período su inventario excede 10 23601e su producción. Remember
there is an opportunity cost to carrying inventory. 
¿Es esto parte de su estrategia a largo plazo?

