            Reporte de la Compañía CHIDOXX for Período 2

Estado de Ingresos         % Ventas  Reporte de Operaciones
------------------           ------  ----------------------
Ventas             $  30668    100%  Decisiones:Precio     $    68
CBV                $  -5877     19%             Producción     680 unid.
                  --------- -------             Marketing  $  4000
Margen Bruto       $  24791     81%             Inversión  $  9000
Marketing          $  -4000     13%             I & D      $  9000
Depreciación       $  -1600      5%
I & D              $  -9000     29%
Carga Social       $      0      0%  Reporte de Producción:
Cargo Inventario   $     -1      0%  Producción                680 unid.
Interés            $   -912      3%  Capacid. de Fábrica       800 unid.
                  --------- -------  Capacid. Utilizada        85%
Utilid.ant.de Imp. $   9278     30%  Produc.Costo/Unidad   $ 13.02
Impuestos          $  -2320      8%  Inventario                230 unid.
                  --------- -------  Empleados                  89 trabaj.
Utilidad Neta      $   6958     23%

Hoja de Balance             % Total  Reporte de Marketing:
---------------             -------  Ordenes Recibidas         451 unid.
Efectivo           $  25835     38%  Ventas Realizadas         451 unid.
Inventario         $   2995      4%  Ordenes no Realizadas       0 unid.
Inver. de Capital  $  39400     58%  Precio/Unid. Vendida  $ 68.00
                  --------- -------  Tot. Costo/Unid Vend. $ 47.43
Total Activo       $  68230    100%  Margen/Unid.Vendida   $ 20.57

Préstamos          $  33154     49%  Reporte de Inversión:
Ganancias Reten.   $  12238     18%  Capacid.de Fabr. $  32000     800 unid.
Capital            $  22838     33%  Inversión Neta   $   7400     185 unid.
                  --------- -------                   --------- ------
Pasivo+Patrimonio  $  68230    100%  Próx. Capacidad  $  39400     985 unid.

Flujo de Caja
---------
Caja Inicial       $  25339
Utilidad Neta      $   6958
Depreciación       $   1600
Invers. de Capital $  -9000
Cambio de Invent.  $  -2977
Préstamo Neto      $   3915
                  ---------
Caja Final         $  25835

 La producción (cantidad ofertada) fue mayor que la demanda.
--Puede incrementar la cantidad demandada con un precio m s bajo.
--Puede incrementar la demanda (la curva de la demanda cambia a la derecha) 
 inviertiendo m s en el marketing e I & D.
--Puede reducir la cantidad ofertada produciendo menos.

 En este período su inventario excede 10 23601e su producción. Remember
there is an opportunity cost to carrying inventory. 
¿Es esto parte de su estrategia a largo plazo?

 Su producción est  por encima del 5 23601el costo mínimo por unidad, del nivel 
 de producción. Ud. podría reducir la producción o incrementar la capacidad 
 para lograr un costo mínimo por unidad.

