            Reporte de la Compañía LSBROSKI for Período 3

Estado de Ingresos         % Ventas  Reporte de Operaciones
------------------           ------  ----------------------
Ventas             $  57970    100%  Decisiones:Precio     $    55
CBV                $ -12838     22%             Producción     806 unid.
                  --------- -------             Marketing  $ 10000
Margen Bruto       $  45132     78%             Inversión  $ 13000
Marketing          $ -10000     17%             I & D      $ 10000
Depreciación       $  -2015      3%
I & D              $ -10000     17%
Carga Social       $   -210      0%  Reporte de Producción:
Cargo Inventario   $    -97      0%  Producción                806 unid.
Interés            $  -1451      3%  Capacid. de Fábrica      1007 unid.
                  --------- -------  Capacid. Utilizada        80%
Utilid.ant.de Imp. $  21359     37%  Produc.Costo/Unidad   $ 10.82
Impuestos          $  -5340      9%  Inventario                 97 unid.
                  --------- -------  Empleados                  84 trabaj.
Utilidad Neta      $  16019     28%

Hoja de Balance             % Total  Reporte de Marketing:
---------------             -------  Ordenes Recibidas        1054 unid.
Efectivo           $  48857     48%  Ventas Realizadas        1054 unid.
Inventario         $   1179      1%  Ordenes no Realizadas       0 unid.
Inver. de Capital  $  51287     51%  Precio/Unid. Vendida  $ 55.00
                  --------- -------  Tot. Costo/Unid Vend. $ 34.54
Total Activo       $ 101323    100%  Margen/Unid.Vendida   $ 20.46

Préstamos          $  52751     52%  Reporte de Inversión:
Ganancias Reten.   $  25734     25%  Capacid.de Fabr. $  40302    1007 unid.
Capital            $  22838     23%  Inversión Neta   $  10985     275 unid.
                  --------- -------                   --------- ------
Pasivo+Patrimonio  $ 101323    100%  Próx. Capacidad  $  51287    1282 unid.

Flujo de Caja
---------
Caja Inicial       $  26742
Utilidad Neta      $  16019
Depreciación       $   2015
Invers. de Capital $ -13000
Cambio de Invent.  $   4117
Préstamo Neto      $  12964
                  ---------
Caja Final         $  48857

 La cantidad demandada fue mayor que la producción (cantidad ofertada).
--Puede reducir la cantidad demandada con un precio m s alto.
--Puede reducir la demanda (la curva de la demanda cambiar a la izquierda)
 con menos marketing y/o menos I&D.
--Puede incrementar la cantidad ofertada con más producción.

 En este período su inventario excede 10 23601e su producción. Remember
there is an opportunity cost to carrying inventory. 
¿Es esto parte de su estrategia a largo plazo?

 Ud. se ha excedido en el límite de su crédito. Esto es causado usualmente 
 porque el precio está debajo del costo o por un inventario excesivo.
 Ud. podría considerar elevar su precio o cerrar su factoria.
 Sus decisiones deben estar aprobadas por el profesor o el consultor.

