            Reporte de la Compañía TOROS for Período 3

Estado de Ingresos         % Ventas  Reporte de Operaciones
------------------           ------  ----------------------
Ventas             $  53400    100%  Decisiones:Precio     $    40
CBV                $ -18730     35%             Producción    1008 unid.
                  --------- -------             Marketing  $  8000
Margen Bruto       $  34670     65%             Inversión  $ 11000
Marketing          $  -8000     15%             I & D      $  9000
Depreciación       $  -2015      4%
I & D              $  -9000     17%
Carga Social       $      0      0%  Reporte de Producción:
Cargo Inventario   $      0      0%  Producción               1008 unid.
Interés            $  -1395      3%  Capacid. de Fábrica      1007 unid.
                  --------- -------  Capacid. Utilizada       100%
Utilid.ant.de Imp. $  14260     27%  Produc.Costo/Unidad   $ 13.60
Impuestos          $  -3565      7%  Inventario                  0 unid.
                  --------- -------  Empleados                 105 trabaj.
Utilidad Neta      $  10695     20%

Hoja de Balance             % Total  Reporte de Marketing:
---------------             -------  Ordenes Recibidas        1956 unid.
Efectivo           $  46424     49%  Ventas Realizadas        1335 unid.
Inventario         $      0      0%  Ordenes no Realizadas     621 unid.
Inver. de Capital  $  49287     51%  Precio/Unid. Vendida  $ 40.00
                  --------- -------  Tot. Costo/Unid Vend. $ 29.32
Total Activo       $  95711    100%  Margen/Unid.Vendida   $ 10.68

Préstamos          $  50719     53%  Reporte de Inversión:
Ganancias Reten.   $  22154     23%  Capacid.de Fabr. $  40302    1007 unid.
Capital            $  22838     24%  Inversión Neta   $   8985     225 unid.
                  --------- -------                   --------- ------
Pasivo+Patrimonio  $  95711    100%  Próx. Capacidad  $  49287    1232 unid.

Flujo de Caja
---------
Caja Inicial       $  27308
Utilidad Neta      $  10695
Depreciación       $   2015
Invers. de Capital $ -11000
Cambio de Invent.  $   5020
Préstamo Neto      $  12385
                  ---------
Caja Final         $  46424

 La cantidad demandada fue mayor que la producción (cantidad ofertada).
--Puede reducir la cantidad demandada con un precio m s alto.
--Puede reducir la demanda (la curva de la demanda cambiar a la izquierda)
 con menos marketing y/o menos I&D.
--Puede incrementar la cantidad ofertada con más producción.

 Su producción est  por encima del 5 23601el costo mínimo por unidad, del nivel 
 de producción. Ud. podría reducir la producción o incrementar la capacidad 
 para lograr un costo mínimo por unidad.

 Ud. se ha excedido en el límite de su crédito. Esto es causado usualmente 
 porque el precio está debajo del costo o por un inventario excesivo.
 Ud. podría considerar elevar su precio o cerrar su factoria.
 Sus decisiones deben estar aprobadas por el profesor o el consultor.

