            Reporte de la Compañía MCLOVIN for Período 3

Estado de Ingresos         % Ventas  Reporte de Operaciones
------------------           ------  ----------------------
Ventas             $  46648    100%  Decisiones:Precio     $    56
CBV                $  -9296     20%             Producción     850 unid.
                  --------- -------             Marketing  $  6000
Margen Bruto       $  37352     80%             Inversión  $ 13000
Marketing          $  -6000     13%             I & D      $ 10000
Depreciación       $  -2000      4%
I & D              $ -10000     21%
Carga Social       $    -50      0%  Reporte de Producción:
Cargo Inventario   $    -46      0%  Producción                850 unid.
Interés            $  -1095      2%  Capacid. de Fábrica      1000 unid.
                  --------- -------  Capacid. Utilizada        85%
Utilid.ant.de Imp. $  18161     39%  Produc.Costo/Unidad   $ 11.05
Impuestos          $  -4540     10%  Inventario                 63 unid.
                  --------- -------  Empleados                  89 trabaj.
Utilidad Neta      $  13621     29%

Hoja de Balance             % Total  Reporte de Marketing:
---------------             -------  Ordenes Recibidas         833 unid.
Efectivo           $  38918     43%  Ventas Realizadas         833 unid.
Inventario         $    706      1%  Ordenes no Realizadas       0 unid.
Inver. de Capital  $  51000     56%  Precio/Unid. Vendida  $ 56.00
                  --------- -------  Tot. Costo/Unid Vend. $ 34.14
Total Activo       $  90624    100%  Margen/Unid.Vendida   $ 21.86

Préstamos          $  39810     44%  Reporte de Inversión:
Ganancias Reten.   $  27975     31%  Capacid.de Fabr. $  40000    1000 unid.
Capital            $  22838     25%  Inversión Neta   $  11000     275 unid.
                  --------- -------                   --------- ------
Pasivo+Patrimonio  $  90624    100%  Próx. Capacidad  $  51000    1275 unid.

Flujo de Caja
---------
Caja Inicial       $  36149
Utilidad Neta      $  13621
Depreciación       $   2000
Invers. de Capital $ -13000
Cambio de Invent.  $    -96
Préstamo Neto      $    244
                  ---------
Caja Final         $  38918

 Felicitaciones! Ud. ha logrado balancear su producción (cantidad ofertada) y 
 ordenes (cantidad demandada) con un margen del 5%.

 Su producción est  por encima del 5 23601el costo mínimo por unidad, del nivel 
 de producción. Ud. podría reducir la producción o incrementar la capacidad 
 para lograr un costo mínimo por unidad.

