            Reporte de la Compañía NYP for Período 3

Estado de Ingresos         % Ventas  Reporte de Operaciones
------------------           ------  ----------------------
Ventas             $  27600    100%  Decisiones:Precio     $    50
CBV                $  -6298     23%             Producción     750 unid.
                  --------- -------             Marketing  $  1050
Margen Bruto       $  21302     77%             Inversión  $ 13000
Marketing          $  -1050      4%             I & D      $  6000
Depreciación       $  -1873      7%
I & D              $  -6000     22%
Carga Social       $   -140      1%  Reporte de Producción:
Cargo Inventario   $      0      0%  Producción                750 unid.
Interés            $   -543      2%  Capacid. de Fábrica       936 unid.
                  --------- -------  Capacid. Utilizada        80%
Utilid.ant.de Imp. $  11696     42%  Produc.Costo/Unidad   $ 11.41
Impuestos          $  -2924     11%  Inventario                198 unid.
                  --------- -------  Empleados                  84 trabaj.
Utilidad Neta      $   8772     32%

Hoja de Balance             % Total  Reporte de Marketing:
---------------             -------  Ordenes Recibidas         552 unid.
Efectivo           $  22120     30%  Ventas Realizadas         552 unid.
Inventario         $   2259      3%  Ordenes no Realizadas       0 unid.
Inver. de Capital  $  48579     67%  Precio/Unid. Vendida  $ 50.00
                  --------- -------  Tot. Costo/Unid Vend. $ 28.56
Total Activo       $  72958    100%  Margen/Unid.Vendida   $ 21.44

Préstamos          $  19744     27%  Reporte de Inversión:
Ganancias Reten.   $  30377     42%  Capacid.de Fabr. $  37452     936 unid.
Capital            $  22838     31%  Inversión Neta   $  11127     278 unid.
                  --------- -------                   --------- ------
Pasivo+Patrimonio  $  72958    100%  Próx. Capacidad  $  48579    1214 unid.

Flujo de Caja
---------
Caja Inicial       $  30052
Utilidad Neta      $   8772
Depreciación       $   1873
Invers. de Capital $ -13000
Cambio de Invent.  $  -2259
Préstamo Neto      $  -3318
                  ---------
Caja Final         $  22120

 La producción (cantidad ofertada) fue mayor que la demanda.
--Puede incrementar la cantidad demandada con un precio m s bajo.
--Puede incrementar la demanda (la curva de la demanda cambia a la derecha) 
 inviertiendo m s en el marketing e I & D.
--Puede reducir la cantidad ofertada produciendo menos.

 En este período su inventario excede 10 23601e su producción. Remember
there is an opportunity cost to carrying inventory. 
¿Es esto parte de su estrategia a largo plazo?

