                  Reporte Industrial    Período 0

Unidades                    Cambio    Dolares                         Cambio
--------                    ------    -------                         ------
Total Ordenes         3152      0%    Ventas Industr.        $ 94320      0%
Total Produc.         3144      0%    Precio Promedio        $ 30.00      0%
Total Vendido         3144      0%    Total Producción       $ 57724      0%
Capac. Total          4200      0%    Costo Prom Pdun        $ 18.36      0%
Inventario               0      0%    Total Costo Prom       $ 25.31      0%

Productividad               Cambio    Dolares                         Cambio
-------------               ------    -------                         ------
Empleo                 628      0%    Tasa Prima                 10%      0%
Ventas/Empleado   $    150      0%    Préstamo Límite        $ 50000      0%
Unid./Empleado        5.01      0%    Tasa del Impuesto          25%      0%
Invers. de Cap.   $ 168000      0%    Imp. Pag. Período      $  3688      0%
Capacid. Utiliz.       75%      0%    Imp. Pag. Fecha        $  3688      0%

         ATENEA     TINA ARTEMISA     TRES  ALIADIN  CHIDOXX  IRONBAD MOUNTAIN
       -------- -------- -------- -------- -------- -------- -------- --------
Ventas  $ 11790  $ 11790  $ 11790  $ 11790  $ 11790  $ 11790  $ 11790  $ 11790
Util.   $  1383  $  1383  $  1383  $  1383  $  1383  $  1383  $  1383  $  1383
Precio  $    30  $    30  $    30  $    30  $    30  $    30  $    30  $    30
GanRet  $  1383  $  1383  $  1383  $  1383  $  1383  $  1383  $  1383  $  1383
UnRepa      13%      13%      13%      13%      13%      13%      13%      13%
MPI         100      100      100      100      100      100      100      100

