            Reporte de la Compañía TRES for Período 6

Estado de Ingresos         % Ventas  Reporte de Operaciones
------------------           ------  ----------------------
Ventas             $  40584    100%  Decisiones:Precio     $    38
CBV                $ -12165     30%             Producción    1400 unid.
                  --------- -------             Marketing  $ 12000
Margen Bruto       $  28419     70%             Inversión  $     1
Marketing          $ -12000     30%             I & D      $     1
Depreciación       $  -2800      7%
I & D              $     -1      0%
Carga Social       $      0      0%  Reporte de Producción:
Cargo Inventario   $     -4      0%  Producción               1400 unid.
Interés            $   1051     -2%  Capacid. de Fábrica      1400 unid.
                  --------- -------  Capacid. Utilizada       100%
Utilid.ant.de Imp. $  14665     36%  Produc.Costo/Unidad   $ 11.38
Impuestos          $  -3666      9%  Inventario                336 unid.
                  --------- -------  Empleados                 105 trabaj.
Utilidad Neta      $  10999     27%

Hoja de Balance             % Total  Reporte de Marketing:
---------------             -------  Ordenes Recibidas        1068 unid.
Efectivo           $  41639     42%  Ventas Realizadas        1068 unid.
Inventario         $   3822      4%  Ordenes no Realizadas       0 unid.
Inver. de Capital  $  53201     54%  Precio/Unid. Vendida  $ 38.00
                  --------- -------  Tot. Costo/Unid Vend. $ 24.27
Total Activo       $  98662    100%  Margen/Unid.Vendida   $ 13.73

Préstamos          $      0      0%  Reporte de Inversión:
Ganancias Reten.   $  75824     77%  Capacid.de Fabr. $  56000    1400 unid.
Capital            $  22838     23%  Inversión Neta   $  -2799     -70 unid.
                  --------- -------                   --------- ------
Pasivo+Patrimonio  $  98662    100%  Próx. Capacidad  $  53201    1330 unid.

Flujo de Caja
---------
Caja Inicial       $  52578
Utilidad Neta      $  10999
Depreciación       $   2800
Invers. de Capital $     -1
Cambio de Invent.  $  -3768
Préstamo Neto      $ -20969
                  ---------
Caja Final         $  41639

 La producción (cantidad ofertada) fue mayor que la demanda.
--Puede incrementar la cantidad demandada con un precio m s bajo.
--Puede incrementar la demanda (la curva de la demanda cambia a la derecha) 
 inviertiendo m s en el marketing e I & D.
--Puede reducir la cantidad ofertada produciendo menos.

 En este período su inventario excede 10 23601e su producción. Remember
there is an opportunity cost to carrying inventory. 
¿Es esto parte de su estrategia a largo plazo?

 Su producción est  por encima del 5 23601el costo mínimo por unidad, del nivel 
 de producción. Ud. podría reducir la producción o incrementar la capacidad 
 para lograr un costo mínimo por unidad.

