            Reporte de la Compañía ALIADIN for Período 6

Estado de Ingresos         % Ventas  Reporte de Operaciones
------------------           ------  ----------------------
Ventas             $  31510    100%  Decisiones:Precio     $    46
CBV                $  -5576     18%             Producción    1283 unid.
                  --------- -------             Marketing  $ 12000
Margen Bruto       $  25934     82%             Inversión  $ 10000
Marketing          $ -12000     38%             I & D      $  2000
Depreciación       $  -3208     10%
I & D              $  -2000      6%
Carga Social       $      0      0%  Reporte de Producción:
Cargo Inventario   $   -544      2%  Producción               1283 unid.
Interés            $   -618      2%  Capacid. de Fábrica      1603 unid.
                  --------- -------  Capacid. Utilizada        80%
Utilid.ant.de Imp. $   7564     24%  Produc.Costo/Unidad   $  7.91
Impuestos          $  -1891      6%  Inventario               1142 unid.
                  --------- -------  Empleados                  84 trabaj.
Utilidad Neta      $   5673     18%

Hoja de Balance             % Total  Reporte de Marketing:
---------------             -------  Ordenes Recibidas         685 unid.
Efectivo           $  25248     24%  Ventas Realizadas         685 unid.
Inventario         $   9301      9%  Ordenes no Realizadas       0 unid.
Inver. de Capital  $  70950     67%  Precio/Unid. Vendida  $ 46.00
                  --------- -------  Tot. Costo/Unid Vend. $ 34.96
Total Activo       $ 105500    100%  Margen/Unid.Vendida   $ 11.04

Préstamos          $  22466     21%  Reporte de Inversión:
Ganancias Reten.   $  60195     57%  Capacid.de Fabr. $  64158    1603 unid.
Capital            $  22838     22%  Inversión Neta   $   6792     170 unid.
                  --------- -------                   --------- ------
Pasivo+Patrimonio  $ 105500    100%  Próx. Capacidad  $  70950    1774 unid.

Flujo de Caja
---------
Caja Inicial       $  31685
Utilidad Neta      $   5673
Depreciación       $   3208
Invers. de Capital $ -10000
Cambio de Invent.  $  -4573
Préstamo Neto      $   -745
                  ---------
Caja Final         $  25248

 La producción (cantidad ofertada) fue mayor que la demanda.
--Puede incrementar la cantidad demandada con un precio m s bajo.
--Puede incrementar la demanda (la curva de la demanda cambia a la derecha) 
 inviertiendo m s en el marketing e I & D.
--Puede reducir la cantidad ofertada produciendo menos.

 En este período su inventario excede 10 23601e su producción. Remember
there is an opportunity cost to carrying inventory. 
¿Es esto parte de su estrategia a largo plazo?

