            Reporte de la Compañía CHIDOXX for Período 6

Estado de Ingresos         % Ventas  Reporte de Operaciones
------------------           ------  ----------------------
Ventas             $  47136    100%  Decisiones:Precio     $    32
CBV                $ -13242     28%             Producción    1100 unid.
                  --------- -------             Marketing  $ 12000
Margen Bruto       $  33894     72%             Inversión  $     1
Marketing          $ -12000     25%             I & D      $     1
Depreciación       $  -2702      6%
I & D              $     -1      0%
Carga Social       $      0      0%  Reporte de Producción:
Cargo Inventario   $   -385      1%  Producción               1100 unid.
Interés            $    696      0%  Capacid. de Fábrica      1350 unid.
                  --------- -------  Capacid. Utilizada        81%
Utilid.ant.de Imp. $  19502     41%  Produc.Costo/Unidad   $  8.84
Impuestos          $  -4876     10%  Inventario                385 unid.
                  --------- -------  Empleados                  86 trabaj.
Utilidad Neta      $  14626     31%

Hoja de Balance             % Total  Reporte de Marketing:
---------------             -------  Ordenes Recibidas        1473 unid.
Efectivo           $  41045     43%  Ventas Realizadas        1473 unid.
Inventario         $   3464      4%  Ordenes no Realizadas       0 unid.
Inver. de Capital  $  51332     54%  Precio/Unid. Vendida  $ 32.00
                  --------- -------  Tot. Costo/Unid Vend. $ 18.76
Total Activo       $  95841    100%  Margen/Unid.Vendida   $ 13.24

Préstamos          $      0      0%  Reporte de Inversión:
Ganancias Reten.   $  73003     76%  Capacid.de Fabr. $  54033    1350 unid.
Capital            $  22838     24%  Inversión Neta   $  -2701     -68 unid.
                  --------- -------                   --------- ------
Pasivo+Patrimonio  $  95841    100%  Próx. Capacidad  $  51332    1283 unid.

Flujo de Caja
---------
Caja Inicial       $  34845
Utilidad Neta      $  14626
Depreciación       $   2702
Invers. de Capital $     -1
Cambio de Invent.  $   3518
Préstamo Neto      $ -14645
                  ---------
Caja Final         $  41045

 La cantidad demandada fue mayor que la producción (cantidad ofertada).
--Puede reducir la cantidad demandada con un precio m s alto.
--Puede reducir la demanda (la curva de la demanda cambiar a la izquierda)
 con menos marketing y/o menos I&D.
--Puede incrementar la cantidad ofertada con más producción.

 En este período su inventario excede 10 23601e su producción. Remember
there is an opportunity cost to carrying inventory. 
¿Es esto parte de su estrategia a largo plazo?

