            Reporte de la Compañía MOUNTAIN for Período 6

Estado de Ingresos         % Ventas  Reporte de Operaciones
------------------           ------  ----------------------
Ventas             $  30624    100%  Decisiones:Precio     $    44
CBV                $  -7120     23%             Producción    1080 unid.
                  --------- -------             Marketing  $ 12000
Margen Bruto       $  23504     77%             Inversión  $  4400
Marketing          $ -12000     39%             I & D      $   500
Depreciación       $  -2400      8%
I & D              $   -500      2%
Carga Social       $      0      0%  Reporte de Producción:
Cargo Inventario   $    -84      0%  Producción               1080 unid.
Interés            $    756     -1%  Capacid. de Fábrica      1200 unid.
                  --------- -------  Capacid. Utilizada        90%
Utilid.ant.de Imp. $   9276     30%  Produc.Costo/Unidad   $ 10.25
Impuestos          $  -2319      8%  Inventario                468 unid.
                  --------- -------  Empleados                  95 trabaj.
Utilidad Neta      $   6957     23%

Hoja de Balance             % Total  Reporte de Marketing:
---------------             -------  Ordenes Recibidas         696 unid.
Efectivo           $  27265     33%  Ventas Realizadas         696 unid.
Inventario         $   4792      6%  Ordenes no Realizadas       0 unid.
Inver. de Capital  $  50000     61%  Precio/Unid. Vendida  $ 44.00
                  --------- -------  Tot. Costo/Unid Vend. $ 30.67
Total Activo       $  82057    100%  Margen/Unid.Vendida   $ 13.33

Préstamos          $      0      0%  Reporte de Inversión:
Ganancias Reten.   $  59219     72%  Capacid.de Fabr. $  48000    1200 unid.
Capital            $  22838     28%  Inversión Neta   $   2000      50 unid.
                  --------- -------                   --------- ------
Pasivo+Patrimonio  $  82057    100%  Próx. Capacidad  $  50000    1250 unid.

Flujo de Caja
---------
Caja Inicial       $  37809
Utilidad Neta      $   6957
Depreciación       $   2400
Invers. de Capital $  -4400
Cambio de Invent.  $  -3950
Préstamo Neto      $ -11551
                  ---------
Caja Final         $  27265

 La producción (cantidad ofertada) fue mayor que la demanda.
--Puede incrementar la cantidad demandada con un precio m s bajo.
--Puede incrementar la demanda (la curva de la demanda cambia a la derecha) 
 inviertiendo m s en el marketing e I & D.
--Puede reducir la cantidad ofertada produciendo menos.

 En este período su inventario excede 10 23601e su producción. Remember
there is an opportunity cost to carrying inventory. 
¿Es esto parte de su estrategia a largo plazo?

 Su producción est  por encima del 5 23601el costo mínimo por unidad, del nivel 
 de producción. Ud. podría reducir la producción o incrementar la capacidad 
 para lograr un costo mínimo por unidad.

