            Reporte de la Compañía ATENEA for Período 4

Estado de Ingresos         % Ventas  Reporte de Operaciones
------------------           ------  ----------------------
Ventas             $  53212    100%  Decisiones:Precio     $    53
CBV                $ -12460     23%             Producción    1189 unid.
                  --------- -------             Marketing  $  5750
Margen Bruto       $  40752     77%             Inversión  $ 10000
Marketing          $  -5750     11%             I & D      $ 10000
Depreciación       $  -2377      4%
I & D              $ -10000     19%
Carga Social       $      0      0%  Reporte de Producción:
Cargo Inventario   $      0      0%  Producción               1189 unid.
Interés            $   -988      2%  Capacid. de Fábrica      1188 unid.
                  --------- -------  Capacid. Utilizada       100%
Utilid.ant.de Imp. $  21637     41%  Produc.Costo/Unidad   $ 12.41
Impuestos          $  -5409     10%  Inventario                185 unid.
                  --------- -------  Empleados                 105 trabaj.
Utilidad Neta      $  16228     30%

Hoja de Balance             % Total  Reporte de Marketing:
---------------             -------  Ordenes Recibidas        1004 unid.
Efectivo           $  44438     44%  Ventas Realizadas        1004 unid.
Inventario         $   2296      2%  Ordenes no Realizadas       0 unid.
Inver. de Capital  $  55165     54%  Precio/Unid. Vendida  $ 53.00
                  --------- -------  Tot. Costo/Unid Vend. $ 31.45
Total Activo       $ 101898    100%  Margen/Unid.Vendida   $ 21.55

Préstamos          $  35944     35%  Reporte de Inversión:
Ganancias Reten.   $  43117     42%  Capacid.de Fabr. $  47542    1188 unid.
Capital            $  22838     22%  Inversión Neta   $   7623     191 unid.
                  --------- -------                   --------- ------
Pasivo+Patrimonio  $ 101898    100%  Próx. Capacidad  $  55165    1379 unid.

Flujo de Caja
---------
Caja Inicial       $  43974
Utilidad Neta      $  16228
Depreciación       $   2377
Invers. de Capital $ -10000
Cambio de Invent.  $  -2296
Préstamo Neto      $  -5846
                  ---------
Caja Final         $  44438

 La producción (cantidad ofertada) fue mayor que la demanda.
--Puede incrementar la cantidad demandada con un precio m s bajo.
--Puede incrementar la demanda (la curva de la demanda cambia a la derecha) 
 inviertiendo m s en el marketing e I & D.
--Puede reducir la cantidad ofertada produciendo menos.

 En este período su inventario excede 10 23601e su producción. Remember
there is an opportunity cost to carrying inventory. 
¿Es esto parte de su estrategia a largo plazo?

 Su producción est  por encima del 5 23601el costo mínimo por unidad, del nivel 
 de producción. Ud. podría reducir la producción o incrementar la capacidad 
 para lograr un costo mínimo por unidad.

