            Reporte de la Compañía TINA for Período 4

Estado de Ingresos         % Ventas  Reporte de Operaciones
------------------           ------  ----------------------
Ventas             $  54207    100%  Decisiones:Precio     $    57
CBV                $  -8968     17%             Producción    1025 unid.
                  --------- -------             Marketing  $ 10000
Margen Bruto       $  45239     83%             Inversión  $  7000
Marketing          $ -10000     18%             I & D      $  4000
Depreciación       $  -2564      5%
I & D              $  -4000      7%
Carga Social       $      0      0%  Reporte de Producción:
Cargo Inventario   $   -170      0%  Producción               1025 unid.
Interés            $   -777      1%  Capacid. de Fábrica      1282 unid.
                  --------- -------  Capacid. Utilizada        80%
Utilid.ant.de Imp. $  27728     51%  Produc.Costo/Unidad   $  9.14
Impuestos          $  -6932     13%  Inventario                244 unid.
                  --------- -------  Empleados                  84 trabaj.
Utilidad Neta      $  20796     38%

Hoja de Balance             % Total  Reporte de Marketing:
---------------             -------  Ordenes Recibidas         951 unid.
Efectivo           $  43764     43%  Ventas Realizadas         951 unid.
Inventario         $   2298      2%  Ordenes no Realizadas       0 unid.
Inver. de Capital  $  55723     55%  Precio/Unid. Vendida  $ 57.00
                  --------- -------  Tot. Costo/Unid Vend. $ 27.84
Total Activo       $ 101784    100%  Margen/Unid.Vendida   $ 29.16

Préstamos          $  28256     28%  Reporte de Inversión:
Ganancias Reten.   $  50691     50%  Capacid.de Fabr. $  51287    1282 unid.
Capital            $  22838     22%  Inversión Neta   $   4436     111 unid.
                  --------- -------                   --------- ------
Pasivo+Patrimonio  $ 101784    100%  Próx. Capacidad  $  55723    1393 unid.

Flujo de Caja
---------
Caja Inicial       $  42518
Utilidad Neta      $  20796
Depreciación       $   2564
Invers. de Capital $  -7000
Cambio de Invent.  $   -401
Préstamo Neto      $ -14713
                  ---------
Caja Final         $  43764

 La producción (cantidad ofertada) fue mayor que la demanda.
--Puede incrementar la cantidad demandada con un precio m s bajo.
--Puede incrementar la demanda (la curva de la demanda cambia a la derecha) 
 inviertiendo m s en el marketing e I & D.
--Puede reducir la cantidad ofertada produciendo menos.

 En este período su inventario excede 10 23601e su producción. Remember
there is an opportunity cost to carrying inventory. 
¿Es esto parte de su estrategia a largo plazo?

