            Reporte de la Compañía TRES for Período 4

Estado de Ingresos         % Ventas  Reporte de Operaciones
------------------           ------  ----------------------
Ventas             $  48720    100%  Decisiones:Precio     $    58
CBV                $ -10130     21%             Producción    1250 unid.
                  --------- -------             Marketing  $ 10000
Margen Bruto       $  38590     79%             Inversión  $  8500
Marketing          $ -10000     21%             I & D      $  2000
Depreciación       $  -2500      5%
I & D              $  -2000      4%
Carga Social       $      0      0%  Reporte de Producción:
Cargo Inventario   $      0      0%  Producción               1250 unid.
Interés            $   -949      2%  Capacid. de Fábrica      1250 unid.
                  --------- -------  Capacid. Utilizada       100%
Utilid.ant.de Imp. $  23141     47%  Produc.Costo/Unidad   $ 12.06
Impuestos          $  -5785     12%  Inventario                410 unid.
                  --------- -------  Empleados                 105 trabaj.
Utilidad Neta      $  17356     36%

Hoja de Balance             % Total  Reporte de Marketing:
---------------             -------  Ordenes Recibidas         840 unid.
Efectivo           $  39486     39%  Ventas Realizadas         840 unid.
Inventario         $   4945      5%  Ordenes no Realizadas       0 unid.
Inver. de Capital  $  56000     56%  Precio/Unid. Vendida  $ 58.00
                  --------- -------  Tot. Costo/Unid Vend. $ 30.45
Total Activo       $ 100431    100%  Margen/Unid.Vendida   $ 27.55

Préstamos          $  34522     34%  Reporte de Inversión:
Ganancias Reten.   $  43071     43%  Capacid.de Fabr. $  50000    1250 unid.
Capital            $  22838     23%  Inversión Neta   $   6000     150 unid.
                  --------- -------                   --------- ------
Pasivo+Patrimonio  $ 100431    100%  Próx. Capacidad  $  56000    1400 unid.

Flujo de Caja
---------
Caja Inicial       $  42055
Utilidad Neta      $  17356
Depreciación       $   2500
Invers. de Capital $  -8500
Cambio de Invent.  $  -4945
Préstamo Neto      $  -8980
                  ---------
Caja Final         $  39486

 La producción (cantidad ofertada) fue mayor que la demanda.
--Puede incrementar la cantidad demandada con un precio m s bajo.
--Puede incrementar la demanda (la curva de la demanda cambia a la derecha) 
 inviertiendo m s en el marketing e I & D.
--Puede reducir la cantidad ofertada produciendo menos.

 En este período su inventario excede 10 23601e su producción. Remember
there is an opportunity cost to carrying inventory. 
¿Es esto parte de su estrategia a largo plazo?

 Su producción est  por encima del 5 23601el costo mínimo por unidad, del nivel 
 de producción. Ud. podría reducir la producción o incrementar la capacidad 
 para lograr un costo mínimo por unidad.

