            Reporte de la Compañía ALIADIN for Período 4

Estado de Ingresos         % Ventas  Reporte de Operaciones
------------------           ------  ----------------------
Ventas             $  37434    100%  Decisiones:Precio     $    51
CBV                $  -6878     18%             Producción     990 unid.
                  --------- -------             Marketing  $  5750
Margen Bruto       $  30556     82%             Inversión  $ 10000
Marketing          $  -5750     15%             I & D      $  4500
Depreciación       $  -2474      7%
I & D              $  -4500     12%
Carga Social       $      0      0%  Reporte de Producción:
Cargo Inventario   $      0      0%  Producción                990 unid.
Interés            $   -642      2%  Capacid. de Fábrica      1237 unid.
                  --------- -------  Capacid. Utilizada        80%
Utilid.ant.de Imp. $  17190     46%  Produc.Costo/Unidad   $  9.37
Impuestos          $  -4298     11%  Inventario                256 unid.
                  --------- -------  Empleados                  84 trabaj.
Utilidad Neta      $  12892     34%

Hoja de Balance             % Total  Reporte de Marketing:
---------------             -------  Ordenes Recibidas         734 unid.
Efectivo           $  30019     34%  Ventas Realizadas         734 unid.
Inventario         $   2399      3%  Ordenes no Realizadas       0 unid.
Inver. de Capital  $  57008     64%  Precio/Unid. Vendida  $ 51.00
                  --------- -------  Tot. Costo/Unid Vend. $ 27.58
Total Activo       $  89426    100%  Margen/Unid.Vendida   $ 23.42

Préstamos          $  23356     26%  Reporte de Inversión:
Ganancias Reten.   $  43232     48%  Capacid.de Fabr. $  49482    1237 unid.
Capital            $  22838     26%  Inversión Neta   $   7526     188 unid.
                  --------- -------                   --------- ------
Pasivo+Patrimonio  $  89426    100%  Próx. Capacidad  $  57008    1425 unid.

Flujo de Caja
---------
Caja Inicial       $  29728
Utilidad Neta      $  12892
Depreciación       $   2474
Invers. de Capital $ -10000
Cambio de Invent.  $  -2399
Préstamo Neto      $  -2675
                  ---------
Caja Final         $  30019

 La producción (cantidad ofertada) fue mayor que la demanda.
--Puede incrementar la cantidad demandada con un precio m s bajo.
--Puede incrementar la demanda (la curva de la demanda cambia a la derecha) 
 inviertiendo m s en el marketing e I & D.
--Puede reducir la cantidad ofertada produciendo menos.

 En este período su inventario excede 10 23601e su producción. Remember
there is an opportunity cost to carrying inventory. 
¿Es esto parte de su estrategia a largo plazo?

