            Reporte de la Compañía CHIDOXX for Período 4

Estado de Ingresos         % Ventas  Reporte de Operaciones
------------------           ------  ----------------------
Ventas             $  48662    100%  Decisiones:Precio     $    58
CBV                $  -8457     17%             Producción     960 unid.
                  --------- -------             Marketing  $  9000
Margen Bruto       $  40205     83%             Inversión  $  8500
Marketing          $  -9000     18%             I & D      $  3200
Depreciación       $  -2397      5%
I & D              $  -3200      7%
Carga Social       $      0      0%  Reporte de Producción:
Cargo Inventario   $   -355      1%  Producción                960 unid.
Interés            $   -841      2%  Capacid. de Fábrica      1198 unid.
                  --------- -------  Capacid. Utilizada        80%
Utilid.ant.de Imp. $  24412     50%  Produc.Costo/Unidad   $  9.57
Impuestos          $  -6103     13%  Inventario                476 unid.
                  --------- -------  Empleados                  84 trabaj.
Utilidad Neta      $  18309     38%

Hoja de Balance             % Total  Reporte de Marketing:
---------------             -------  Ordenes Recibidas         839 unid.
Efectivo           $  38966     40%  Ventas Realizadas         839 unid.
Inventario         $   4795      5%  Ordenes no Realizadas       0 unid.
Inver. de Capital  $  54033     55%  Precio/Unid. Vendida  $ 58.00
                  --------- -------  Tot. Costo/Unid Vend. $ 28.90
Total Activo       $  97794    100%  Margen/Unid.Vendida   $ 29.10

Préstamos          $  30575     31%  Reporte de Inversión:
Ganancias Reten.   $  44381     45%  Capacid.de Fabr. $  47930    1198 unid.
Capital            $  22838     23%  Inversión Neta   $   6103     153 unid.
                  --------- -------                   --------- ------
Pasivo+Patrimonio  $  97794    100%  Próx. Capacidad  $  54033    1351 unid.

Flujo de Caja
---------
Caja Inicial       $  35954
Utilidad Neta      $  18309
Depreciación       $   2397
Invers. de Capital $  -8500
Cambio de Invent.  $   -730
Préstamo Neto      $  -8464
                  ---------
Caja Final         $  38966

 La producción (cantidad ofertada) fue mayor que la demanda.
--Puede incrementar la cantidad demandada con un precio m s bajo.
--Puede incrementar la demanda (la curva de la demanda cambia a la derecha) 
 inviertiendo m s en el marketing e I & D.
--Puede reducir la cantidad ofertada produciendo menos.

 En este período su inventario excede 10 23601e su producción. Remember
there is an opportunity cost to carrying inventory. 
¿Es esto parte de su estrategia a largo plazo?

