            Reporte de la Compañía IRONBAD for Período 4

Estado de Ingresos         % Ventas  Reporte de Operaciones
------------------           ------  ----------------------
Ventas             $  47460    100%  Decisiones:Precio     $    60
CBV                $  -7396     16%             Producción    1025 unid.
                  --------- -------             Marketing  $ 10000
Margen Bruto       $  40064     84%             Inversión  $  9312
Marketing          $ -10000     21%             I & D      $  4000
Depreciación       $  -2563      5%
I & D              $  -4000      8%
Carga Social       $      0      0%  Reporte de Producción:
Cargo Inventario   $   -141      0%  Producción               1025 unid.
Interés            $   -735      2%  Capacid. de Fábrica      1281 unid.
                  --------- -------  Capacid. Utilizada        80%
Utilid.ant.de Imp. $  22625     48%  Produc.Costo/Unidad   $  9.15
Impuestos          $  -5656     12%  Inventario                375 unid.
                  --------- -------  Empleados                  84 trabaj.
Utilidad Neta      $  16969     36%

Hoja de Balance             % Total  Reporte de Marketing:
---------------             -------  Ordenes Recibidas         791 unid.
Efectivo           $  38365     38%  Ventas Realizadas         791 unid.
Inventario         $   3509      4%  Ordenes no Realizadas       0 unid.
Inver. de Capital  $  57999     58%  Precio/Unid. Vendida  $ 60.00
                  --------- -------  Tot. Costo/Unid Vend. $ 31.40
Total Activo       $  99873    100%  Margen/Unid.Vendida   $ 28.60

Préstamos          $  26741     27%  Reporte de Inversión:
Ganancias Reten.   $  50294     50%  Capacid.de Fabr. $  51250    1281 unid.
Capital            $  22838     23%  Inversión Neta   $   6749     169 unid.
                  --------- -------                   --------- ------
Pasivo+Patrimonio  $  99873    100%  Próx. Capacidad  $  57999    1450 unid.

Flujo de Caja
---------
Caja Inicial       $  35492
Utilidad Neta      $  16969
Depreciación       $   2563
Invers. de Capital $  -9312
Cambio de Invent.  $  -1983
Préstamo Neto      $  -5364
                  ---------
Caja Final         $  38365

 La producción (cantidad ofertada) fue mayor que la demanda.
--Puede incrementar la cantidad demandada con un precio m s bajo.
--Puede incrementar la demanda (la curva de la demanda cambia a la derecha) 
 inviertiendo m s en el marketing e I & D.
--Puede reducir la cantidad ofertada produciendo menos.

 En este período su inventario excede 10 23601e su producción. Remember
there is an opportunity cost to carrying inventory. 
¿Es esto parte de su estrategia a largo plazo?

