            Reporte de la Compañía MOUNTAIN for Período 4

Estado de Ingresos         % Ventas  Reporte de Operaciones
------------------           ------  ----------------------
Ventas             $  35090    100%  Decisiones:Precio     $    58
CBV                $  -6353     18%             Producción     840 unid.
                  --------- -------             Marketing  $  7200
Margen Bruto       $  28737     82%             Inversión  $  6100
Marketing          $  -7200     21%             I & D      $  4000
Depreciación       $  -2100      6%
I & D              $  -4000     11%
Carga Social       $      0      0%  Reporte de Producción:
Cargo Inventario   $      0      0%  Producción                840 unid.
Interés            $   -515      1%  Capacid. de Fábrica      1050 unid.
                  --------- -------  Capacid. Utilizada        80%
Utilid.ant.de Imp. $  14922     43%  Produc.Costo/Unidad   $ 10.50
Impuestos          $  -3731     11%  Inventario                235 unid.
                  --------- -------  Empleados                  84 trabaj.
Utilidad Neta      $  11191     32%

Hoja de Balance             % Total  Reporte de Marketing:
---------------             -------  Ordenes Recibidas         605 unid.
Efectivo           $  28743     37%  Ventas Realizadas         605 unid.
Inventario         $   2468      3%  Ordenes no Realizadas       0 unid.
Inver. de Capital  $  46000     60%  Precio/Unid. Vendida  $ 58.00
                  --------- -------  Tot. Costo/Unid Vend. $ 33.34
Total Activo       $  77211    100%  Margen/Unid.Vendida   $ 24.66

Préstamos          $  18732     24%  Reporte de Inversión:
Ganancias Reten.   $  35641     46%  Capacid.de Fabr. $  42000    1050 unid.
Capital            $  22838     30%  Inversión Neta   $   4000     100 unid.
                  --------- -------                   --------- ------
Pasivo+Patrimonio  $  77211    100%  Próx. Capacidad  $  46000    1150 unid.

Flujo de Caja
---------
Caja Inicial       $  24988
Utilidad Neta      $  11191
Depreciación       $   2100
Invers. de Capital $  -6100
Cambio de Invent.  $  -2468
Préstamo Neto      $   -968
                  ---------
Caja Final         $  28743

 La producción (cantidad ofertada) fue mayor que la demanda.
--Puede incrementar la cantidad demandada con un precio m s bajo.
--Puede incrementar la demanda (la curva de la demanda cambia a la derecha) 
 inviertiendo m s en el marketing e I & D.
--Puede reducir la cantidad ofertada produciendo menos.

 En este período su inventario excede 10 23601e su producción. Remember
there is an opportunity cost to carrying inventory. 
¿Es esto parte de su estrategia a largo plazo?

