                  Reporte Industrial    Período 3

Unidades                    Cambio    Dolares                         Cambio
--------                    ------    -------                         ------
Total Ordenes         8807     46%    Ventas Industr.        $340704      8%
Total Produc.         6542     13%    Precio Promedio        $ 50.53    -17%
Total Vendido         6743     32%    Total Producción       $ 74922     -6%
Capac. Total          7867     23%    Costo Prom Pdun        $ 11.45    -17%
Inventario             517    -27%    Total Costo Prom       $ 33.32    -12%

Productividad               Cambio    Dolares                         Cambio
-------------               ------    -------                         ------
Empleo                 698     -7%    Tasa Prima                 10%      0%
Ventas/Empleado   $    488     17%    Préstamo Límite        $ 50000      0%
Unid./Empleado        9.37     23%    Tasa del Impuesto          25%      0%
Invers. de Cap.   $ 400922     27%    Imp. Pag. Período      $ 28856     -3%
Capacid. Utiliz.       83%     -7%    Imp. Pag. Fecha        $ 73234     65%

       BUSSINES LSBROSKI      LNE    TOROS  MCLOVIN      NYP PORTECHA   HERMES
       -------- -------- -------- -------- -------- -------- -------- --------
Ventas  $ 43338  $ 57970  $ 35200  $ 53400  $ 46648  $ 27600  $ 33024  $ 43524
Util.   $ 14039  $ 16019  $  4682  $ 10695  $ 13621  $  8772  $  6550  $ 12187
Precio  $    62  $    55  $    44  $    40  $    56  $    50  $    43  $    62
GanRet  $ 34236  $ 25734  $ 14159  $ 22154  $ 27975  $ 30377  $ 27579  $ 26411
UnRepa      10%      16%      12%      20%      12%       8%      11%      10%
MPI         355      295      178      264      303      310      295      287

Industry Notes
--------------
 Con sus costos bajos las compañías tienen la oportunidad de bajar 
attract more customers.

 Con sus precios bajos hace que suban las ordenes y las ventas. Los inventarios 
disminuyen. ¨Qu‚ expectativas tiene con respecto al precio para el pr¢ximo per¡odo?

 La Capacidad Utilizada ha ca¡do este período, ayudando a reducir el 
 inventario, pero todavía est  sobre el 80%, el m s eficiente nivel.

 Con una Inversi¢n de Capital alto, habr  m s capacidad en la industria el 
 pr¢ximo per¡odo. Para las compa¤¡as que invirtieron, operaciones eficientes 
 que requer¡an una producción m s alta pero con un costo m s bajo por unidad.

 Ud. se ha excedido en el l¡mite de su cr‚dito. 
 Sus decisiones deben estar aprobadas por el profesor o el consultor.

 Ud. se ha excedido en el l¡mite de su cr‚dito. 
 Sus decisiones deben estar aprobadas por el profesor o el consultor.

