            Reporte de la Compañía BUSSINES for Período 1

Estado de Ingresos         % Ventas  Reporte de Operaciones
------------------           ------  ----------------------
Ventas             $  26532    100%  Decisiones:Precio     $    67
CBV                $  -7128     27%             Producción     420 unid.
                  --------- -------             Marketing  $  4000
Margen Bruto       $  19404     73%             Inversión  $ 12050
Marketing          $  -4000     15%             I & D      $ 10000
Depreciación       $  -1050      4%
I & D              $ -10000     38%
Carga Social       $      0      0%  Reporte de Producción:
Cargo Inventario   $      0      0%  Producción                420 unid.
Interés            $   -807      3%  Capacid. de Fábrica       525 unid.
                  --------- -------  Capacid. Utilizada        80%
Utilid.ant.de Imp. $   3547     13%  Produc.Costo/Unidad   $ 18.00
Impuestos          $   -887      3%  Inventario                 24 unid.
                  --------- -------  Empleados                  84 trabaj.
Utilidad Neta      $   2660     10%

Hoja de Balance             % Total  Reporte de Marketing:
---------------             -------  Ordenes Recibidas         396 unid.
Efectivo           $  23788     42%  Ventas Realizadas         396 unid.
Inventario         $    432      1%  Ordenes no Realizadas       0 unid.
Inver. de Capital  $  32000     57%  Precio/Unid. Vendida  $ 67.00
                  --------- -------  Tot. Costo/Unid Vend. $ 58.04
Total Activo       $  56220    100%  Margen/Unid.Vendida   $  8.96

Préstamos          $  29339     52%  Reporte de Inversión:
Ganancias Reten.   $   4043      7%  Capacid.de Fabr. $  21000     525 unid.
Capital            $  22838     41%  Inversión Neta   $  11000     275 unid.
                  --------- -------                   --------- ------
Pasivo+Patrimonio  $  56220    100%  Próx. Capacidad  $  32000     800 unid.

Flujo de Caja
---------
Caja Inicial       $  11879
Utilidad Neta      $   2660
Depreciación       $   1050
Invers. de Capital $ -12050
Cambio de Invent.  $   -432
Préstamo Neto      $  20681
                  ---------
Caja Final         $  23788

 La producción (cantidad ofertada) fue mayor que la demanda.
--Puede incrementar la cantidad demandada con un precio m s bajo.
--Puede incrementar la demanda (la curva de la demanda cambia a la derecha) 
 inviertiendo m s en el marketing e I & D.
--Puede reducir la cantidad ofertada produciendo menos.

