            Reporte de la Compañía LNE for Período 1

Estado de Ingresos         % Ventas  Reporte de Operaciones
------------------           ------  ----------------------
Ventas             $  21000    100%  Decisiones:Precio     $    50
CBV                $  -7560     36%             Producción     420 unid.
                  --------- -------             Marketing  $  3300
Margen Bruto       $  13440     64%             Inversión  $ 13000
Marketing          $  -3300     16%             I & D      $ 10000
Depreciación       $  -1050      5%
I & D              $ -10000     48%
Carga Social       $      0      0%  Reporte de Producción:
Cargo Inventario   $      0      0%  Producción                420 unid.
Interés            $   -814      4%  Capacid. de Fábrica       525 unid.
                  --------- -------  Capacid. Utilizada        80%
Utilid.ant.de Imp. $  -1724     -7%  Produc.Costo/Unidad   $ 18.00
Impuestos          $      0      0%  Inventario                  0 unid.
                  --------- -------  Empleados                  84 trabaj.
Utilidad Neta      $  -1724     -7%

Hoja de Balance             % Total  Reporte de Marketing:
---------------             -------  Ordenes Recibidas         979 unid.
Efectivo           $  19567     37%  Ventas Realizadas         420 unid.
Inventario         $      0      0%  Ordenes no Realizadas     559 unid.
Inver. de Capital  $  32950     63%  Precio/Unid. Vendida  $ 50.00
                  --------- -------  Tot. Costo/Unid Vend. $ 54.10
Total Activo       $  52517    100%  Margen/Unid.Vendida   $ -4.10

Préstamos          $  29589     56%  Reporte de Inversión:
Ganancias Reten.   $     90      0%  Capacid.de Fabr. $  21000     525 unid.
Capital            $  22838     43%  Inversión Neta   $  11950     299 unid.
                  --------- -------                   --------- ------
Pasivo+Patrimonio  $  52517    100%  Próx. Capacidad  $  32950     824 unid.

Flujo de Caja
---------
Caja Inicial       $  11879
Utilidad Neta      $  -1724
Depreciación       $   1050
Invers. de Capital $ -13000
Cambio de Invent.  $      0
Préstamo Neto      $  20931
                  ---------
Caja Final         $  19567

 La cantidad demandada fue mayor que la producción (cantidad ofertada).
--Puede reducir la cantidad demandada con un precio m s alto.
--Puede reducir la demanda (la curva de la demanda cambiar a la izquierda)
 con menos marketing y/o menos I&D.
--Puede incrementar la cantidad ofertada con más producción.

