            Reporte de la Compañía TOROS for Período 1

Estado de Ingresos         % Ventas  Reporte de Operaciones
------------------           ------  ----------------------
Ventas             $  28875    100%  Decisiones:Precio     $    55
CBV                $ -10899     38%             Producción     525 unid.
                  --------- -------             Marketing  $  1800
Margen Bruto       $  17976     62%             Inversión  $ 13000
Marketing          $  -1800      6%             I & D      $ 10000
Depreciación       $  -1050      4%
I & D              $ -10000     35%
Carga Social       $      0      0%  Reporte de Producción:
Cargo Inventario   $      0      0%  Producción                525 unid.
Interés            $   -864      3%  Capacid. de Fábrica       525 unid.
                  --------- -------  Capacid. Utilizada       100%
Utilid.ant.de Imp. $   4262     15%  Produc.Costo/Unidad   $ 20.76
Impuestos          $  -1066      4%  Inventario                  0 unid.
                  --------- -------  Empleados                 105 trabaj.
Utilidad Neta      $   3196     11%

Hoja de Balance             % Total  Reporte de Marketing:
---------------             -------  Ordenes Recibidas         567 unid.
Efectivo           $  25895     44%  Ventas Realizadas         525 unid.
Inventario         $      0      0%  Ordenes no Realizadas      42 unid.
Inver. de Capital  $  32950     56%  Precio/Unid. Vendida  $ 55.00
                  --------- -------  Tot. Costo/Unid Vend. $ 46.88
Total Activo       $  58845    100%  Margen/Unid.Vendida   $  8.12

Préstamos          $  31428     53%  Reporte de Inversión:
Ganancias Reten.   $   4579      8%  Capacid.de Fabr. $  21000     525 unid.
Capital            $  22838     39%  Inversión Neta   $  11950     299 unid.
                  --------- -------                   --------- ------
Pasivo+Patrimonio  $  58845    100%  Próx. Capacidad  $  32950     824 unid.

Flujo de Caja
---------
Caja Inicial       $  11879
Utilidad Neta      $   3196
Depreciación       $   1050
Invers. de Capital $ -13000
Cambio de Invent.  $      0
Préstamo Neto      $  22770
                  ---------
Caja Final         $  25895

 La cantidad demandada fue mayor que la producción (cantidad ofertada).
--Puede reducir la cantidad demandada con un precio m s alto.
--Puede reducir la demanda (la curva de la demanda cambiar a la izquierda)
 con menos marketing y/o menos I&D.
--Puede incrementar la cantidad ofertada con más producción.

 Su producción est  por encima del 5 23601el costo mínimo por unidad, del nivel 
 de producción. Ud. podría reducir la producción o incrementar la capacidad 
 para lograr un costo mínimo por unidad.

