            Reporte de la Compañía MCLOVIN for Período 1

Estado de Ingresos         % Ventas  Reporte de Operaciones
------------------           ------  ----------------------
Ventas             $  24300    100%  Decisiones:Precio     $    54
CBV                $  -8204     34%             Producción     450 unid.
                  --------- -------             Marketing  $  3500
Margen Bruto       $  16096     66%             Inversión  $ 12950
Marketing          $  -3500     14%             I & D      $ 10000
Depreciación       $  -1050      4%
I & D              $ -10000     41%
Carga Social       $      0      0%  Reporte de Producción:
Cargo Inventario   $      0      0%  Producción                450 unid.
Interés            $   -836      3%  Capacid. de Fábrica       525 unid.
                  --------- -------  Capacid. Utilizada        86%
Utilid.ant.de Imp. $    710      3%  Produc.Costo/Unidad   $ 18.23
Impuestos          $   -178      1%  Inventario                  0 unid.
                  --------- -------  Empleados                  90 trabaj.
Utilidad Neta      $    532      2%

Hoja de Balance             % Total  Reporte de Marketing:
---------------             -------  Ordenes Recibidas         766 unid.
Efectivo           $  22236     40%  Ventas Realizadas         450 unid.
Inventario         $      0      0%  Ordenes no Realizadas     316 unid.
Inver. de Capital  $  32900     60%  Precio/Unid. Vendida  $ 54.00
                  --------- -------  Tot. Costo/Unid Vend. $ 52.42
Total Activo       $  55136    100%  Margen/Unid.Vendida   $  1.58

Préstamos          $  30382     55%  Reporte de Inversión:
Ganancias Reten.   $   1915      3%  Capacid.de Fabr. $  21000     525 unid.
Capital            $  22838     41%  Inversión Neta   $  11900     298 unid.
                  --------- -------                   --------- ------
Pasivo+Patrimonio  $  55136    100%  Próx. Capacidad  $  32900     822 unid.

Flujo de Caja
---------
Caja Inicial       $  11879
Utilidad Neta      $    532
Depreciación       $   1050
Invers. de Capital $ -12950
Cambio de Invent.  $      0
Préstamo Neto      $  21724
                  ---------
Caja Final         $  22236

 La cantidad demandada fue mayor que la producción (cantidad ofertada).
--Puede reducir la cantidad demandada con un precio m s alto.
--Puede reducir la demanda (la curva de la demanda cambiar a la izquierda)
 con menos marketing y/o menos I&D.
--Puede incrementar la cantidad ofertada con más producción.

 Su producción est  por encima del 5 23601el costo mínimo por unidad, del nivel 
 de producción. Ud. podría reducir la producción o incrementar la capacidad 
 para lograr un costo mínimo por unidad.

