                  Reporte Industrial    Período 1

Unidades                    Cambio    Dolares                         Cambio
--------                    ------    -------                         ------
Total Ordenes         5452     73%    Ventas Industr.        $194787    107%
Total Produc.         3495     11%    Precio Promedio        $ 56.12     87%
Total Vendido         3471     10%    Total Producción       $ 64462     12%
Capac. Total          4200      0%    Costo Prom Pdun        $ 18.44      0%
Inventario              24      0%    Total Costo Prom       $ 48.08     90%

Productividad               Cambio    Dolares                         Cambio
-------------               ------    -------                         ------
Empleo                 699     11%    Tasa Prima                 10%      0%
Ventas/Empleado   $    279     86%    Préstamo Límite        $ 50000      0%
Unid./Empleado        5.00      0%    Tasa del Impuesto          25%      0%
Invers. de Cap.   $ 256650     53%    Imp. Pag. Período      $  6974     89%
Capacid. Utiliz.       83%      8%    Imp. Pag. Fecha        $ 14350     95%

       BUSSINES LSBROSKI      LNE    TOROS  MCLOVIN      NYP PORTECHA   HERMES
       -------- -------- -------- -------- -------- -------- -------- --------
Ventas  $ 26532  $ 23520  $ 21000  $ 28875  $ 24300  $ 21000  $ 22260  $ 27300
Util.   $  2660  $  1944  $ -1724  $  3196  $   532  $  7574  $  3778  $  2527
Precio  $    67  $    56  $    50  $    55  $    54  $    50  $    53  $    65
GanRet  $  4043  $  3327  $    90  $  4579  $  1915  $  8956  $  5161  $  3910
UnRepa      11%      12%      12%      15%      13%      12%      12%      12%
MPI         118      105       49      129       81      199      136      118

Industry Notes
--------------
 Las compañías compensan sus costos altos con precios altos. 
¿Qué efecto tuvo esto en las ordenes?

 Las ordenes excedieron a la producción aún cuando los precios se incrementaron.
 Algunas compañías deben tener inversiones fuertes en Marketing o en I&D.

 La Capacidad Utilizada est  sobre el 80%, el m s eficiente nivel.
 Desde que el inventario fue incrementado este per¡odo, ¨en qu‚
 nivel esperas que la Capacidad estar  el pr¢ximo per¡odo?

 Con una Inversi¢n de Capital alto, habr  m s capacidad en la industria el 
 pr¢ximo per¡odo. Para las compa¤¡as que invirtieron, operaciones eficientes 
 que requer¡an una producción m s alta pero con un costo m s bajo por unidad.

