            Reporte de la Compañía ALIADIN for Período 1

Estado de Ingresos         % Ventas  Reporte de Operaciones
------------------           ------  ----------------------
Ventas             $  18900    100%  Decisiones:Precio     $    45
CBV                $  -7560     40%             Producción     420 unid.
                  --------- -------             Marketing  $  1500
Margen Bruto       $  11340     60%             Inversión  $ 11000
Marketing          $  -1500      8%             I & D      $  3000
Depreciación       $  -1050      6%
I & D              $  -3000     16%
Carga Social       $      0      0%  Reporte de Producción:
Cargo Inventario   $      0      0%  Producción                420 unid.
Interés            $   -517      3%  Capacid. de Fábrica       525 unid.
                  --------- -------  Capacid. Utilizada        80%
Utilid.ant.de Imp. $   5273     28%  Produc.Costo/Unidad   $ 18.00
Impuestos          $  -1318      7%  Inventario                  0 unid.
                  --------- -------  Empleados                  84 trabaj.
Utilidad Neta      $   3955     21%

Hoja de Balance             % Total  Reporte de Marketing:
---------------             -------  Ordenes Recibidas         972 unid.
Efectivo           $  16015     34%  Ventas Realizadas         420 unid.
Inventario         $      0      0%  Ordenes no Realizadas     552 unid.
Inver. de Capital  $  30950     66%  Precio/Unid. Vendida  $ 45.00
                  --------- -------  Tot. Costo/Unid Vend. $ 32.45
Total Activo       $  46965    100%  Margen/Unid.Vendida   $ 12.55

Préstamos          $  18789     40%  Reporte de Inversión:
Ganancias Reten.   $   5338     11%  Capacid.de Fabr. $  21000     525 unid.
Capital            $  22838     49%  Inversión Neta   $   9950     249 unid.
                  --------- -------                   --------- ------
Pasivo+Patrimonio  $  46965    100%  Próx. Capacidad  $  30950     774 unid.

Flujo de Caja
---------
Caja Inicial       $  11879
Utilidad Neta      $   3955
Depreciación       $   1050
Invers. de Capital $ -11000
Cambio de Invent.  $      0
Préstamo Neto      $  10131
                  ---------
Caja Final         $  16015

 La cantidad demandada fue mayor que la producción (cantidad ofertada).
--Puede reducir la cantidad demandada con un precio m s alto.
--Puede reducir la demanda (la curva de la demanda cambiar a la izquierda)
 con menos marketing y/o menos I&D.
--Puede incrementar la cantidad ofertada con más producción.

