            Reporte de la Compañía IRONBAD for Período 1

Estado de Ingresos         % Ventas  Reporte de Operaciones
------------------           ------  ----------------------
Ventas             $  23718    100%  Decisiones:Precio     $    67
CBV                $  -6372     27%             Producción     420 unid.
                  --------- -------             Marketing  $  3500
Margen Bruto       $  17346     73%             Inversión  $ 13000
Marketing          $  -3500     15%             I & D      $ 10000
Depreciación       $  -1050      4%
I & D              $ -10000     42%
Carga Social       $      0      0%  Reporte de Producción:
Cargo Inventario   $      0      0%  Producción                420 unid.
Interés            $   -819      3%  Capacid. de Fábrica       525 unid.
                  --------- -------  Capacid. Utilizada        80%
Utilid.ant.de Imp. $   1977      8%  Produc.Costo/Unidad   $ 18.00
Impuestos          $   -494      2%  Inventario                 66 unid.
                  --------- -------  Empleados                  84 trabaj.
Utilidad Neta      $   1483      6%

Hoja de Balance             % Total  Reporte de Marketing:
---------------             -------  Ordenes Recibidas         354 unid.
Efectivo           $  21355     38%  Ventas Realizadas         354 unid.
Inventario         $   1188      2%  Ordenes no Realizadas       0 unid.
Inver. de Capital  $  32950     59%  Precio/Unid. Vendida  $ 67.00
                  --------- -------  Tot. Costo/Unid Vend. $ 61.42
Total Activo       $  55493    100%  Margen/Unid.Vendida   $  5.58

Préstamos          $  29789     54%  Reporte de Inversión:
Ganancias Reten.   $   2866      5%  Capacid.de Fabr. $  21000     525 unid.
Capital            $  22838     41%  Inversión Neta   $  11950     299 unid.
                  --------- -------                   --------- ------
Pasivo+Patrimonio  $  55493    100%  Próx. Capacidad  $  32950     824 unid.

Flujo de Caja
---------
Caja Inicial       $  11879
Utilidad Neta      $   1483
Depreciación       $   1050
Invers. de Capital $ -13000
Cambio de Invent.  $  -1188
Préstamo Neto      $  21131
                  ---------
Caja Final         $  21355

 La producción (cantidad ofertada) fue mayor que la demanda.
--Puede incrementar la cantidad demandada con un precio m s bajo.
--Puede incrementar la demanda (la curva de la demanda cambia a la derecha) 
 inviertiendo m s en el marketing e I & D.
--Puede reducir la cantidad ofertada produciendo menos.

 En este período su inventario excede 10 23601e su producción. Remember
there is an opportunity cost to carrying inventory. 
¿Es esto parte de su estrategia a largo plazo?

