            Reporte de la Compañía BUSSINES for Período 4

Estado de Ingresos         % Ventas  Reporte de Operaciones
------------------           ------  ----------------------
Ventas             $  47025    100%  Decisiones:Precio     $    55
CBV                $  -8063     17%             Producción    1000 unid.
                  --------- -------             Marketing  $ 10000
Margen Bruto       $  38962     83%             Inversión  $  9500
Marketing          $ -10000     21%             I & D      $  6000
Depreciación       $  -2500      5%
I & D              $  -6000     13%
Carga Social       $      0      0%  Reporte de Producción:
Cargo Inventario   $    -81      0%  Producción               1000 unid.
Interés            $   -718      2%  Capacid. de Fábrica      1250 unid.
                  --------- -------  Capacid. Utilizada        80%
Utilid.ant.de Imp. $  19663     42%  Produc.Costo/Unidad   $  9.30
Impuestos          $  -4916     10%  Inventario                226 unid.
                  --------- -------  Empleados                  84 trabaj.
Utilidad Neta      $  14747     31%

Hoja de Balance             % Total  Reporte de Marketing:
---------------             -------  Ordenes Recibidas         855 unid.
Efectivo           $  38809     40%  Ventas Realizadas         855 unid.
Inventario         $   2136      2%  Ordenes no Realizadas       0 unid.
Inver. de Capital  $  57000     58%  Precio/Unid. Vendida  $ 55.00
                  --------- -------  Tot. Costo/Unid Vend. $ 32.00
Total Activo       $  97945    100%  Margen/Unid.Vendida   $ 23.00

Préstamos          $  26124     27%  Reporte de Inversión:
Ganancias Reten.   $  48983     50%  Capacid.de Fabr. $  50000    1250 unid.
Capital            $  22838     23%  Inversión Neta   $   7000     175 unid.
                  --------- -------                   --------- ------
Pasivo+Patrimonio  $  97945    100%  Próx. Capacidad  $  57000    1425 unid.

Flujo de Caja
---------
Caja Inicial       $  35783
Utilidad Neta      $  14747
Depreciación       $   2500
Invers. de Capital $  -9500
Cambio de Invent.  $  -1238
Préstamo Neto      $  -3483
                  ---------
Caja Final         $  38809

 La producción (cantidad ofertada) fue mayor que la demanda.
--Puede incrementar la cantidad demandada con un precio m s bajo.
--Puede incrementar la demanda (la curva de la demanda cambia a la derecha) 
 inviertiendo m s en el marketing e I & D.
--Puede reducir la cantidad ofertada produciendo menos.

 En este período su inventario excede 10 23601e su producción. Remember
there is an opportunity cost to carrying inventory. 
¿Es esto parte de su estrategia a largo plazo?

