            Reporte de la Compañía HERMES for Período 4

Estado de Ingresos         % Ventas  Reporte de Operaciones
------------------           ------  ----------------------
Ventas             $  49335    100%  Decisiones:Precio     $    55
CBV                $  -8459     17%             Producción    1000 unid.
                  --------- -------             Marketing  $  7000
Margen Bruto       $  40876     83%             Inversión  $  8500
Marketing          $  -7000     14%             I & D      $ 10000
Depreciación       $  -2500      5%
I & D              $ -10000     20%
Carga Social       $      0      0%  Reporte de Producción:
Cargo Inventario   $    -78      0%  Producción               1000 unid.
Interés            $   -933      2%  Capacid. de Fábrica      1250 unid.
                  --------- -------  Capacid. Utilizada        80%
Utilid.ant.de Imp. $  20365     41%  Produc.Costo/Unidad   $  9.30
Impuestos          $  -5091     10%  Inventario                181 unid.
                  --------- -------  Empleados                  84 trabaj.
Utilidad Neta      $  15274     31%

Hoja de Balance             % Total  Reporte de Marketing:
---------------             -------  Ordenes Recibidas         897 unid.
Efectivo           $  40732     41%  Ventas Realizadas         897 unid.
Inventario         $   1706      2%  Ordenes no Realizadas       0 unid.
Inver. de Capital  $  56000     57%  Precio/Unid. Vendida  $ 55.00
                  --------- -------  Tot. Costo/Unid Vend. $ 32.30
Total Activo       $  98438    100%  Margen/Unid.Vendida   $ 22.70

Préstamos          $  33915     34%  Reporte de Inversión:
Ganancias Reten.   $  41685     42%  Capacid.de Fabr. $  50000    1250 unid.
Capital            $  22838     23%  Inversión Neta   $   6000     150 unid.
                  --------- -------                   --------- ------
Pasivo+Patrimonio  $  98438    100%  Próx. Capacidad  $  56000    1400 unid.

Flujo de Caja
---------
Caja Inicial       $  36465
Utilidad Neta      $  15274
Depreciación       $   2500
Invers. de Capital $  -8500
Cambio de Invent.  $   -842
Préstamo Neto      $  -4165
                  ---------
Caja Final         $  40732

 La producción (cantidad ofertada) fue mayor que la demanda.
--Puede incrementar la cantidad demandada con un precio m s bajo.
--Puede incrementar la demanda (la curva de la demanda cambia a la derecha) 
 inviertiendo m s en el marketing e I & D.
--Puede reducir la cantidad ofertada produciendo menos.

 En este período su inventario excede 10 23601e su producción. Remember
there is an opportunity cost to carrying inventory. 
¿Es esto parte de su estrategia a largo plazo?

