                  Reporte Industrial    Período 4

Unidades                    Cambio    Dolares                         Cambio
--------                    ------    -------                         ------
Total Ordenes         6783     -1%    Ventas Industr.        $370640      6%
Total Produc.         8432     31%    Precio Promedio        $ 54.64      1%
Total Vendido         6783      4%    Total Producción       $ 87184     18%
Capac. Total          9768     27%    Costo Prom Pdun        $ 10.34     -9%
Inventario            2315    248%    Total Costo Prom       $ 28.96     -1%

Productividad               Cambio    Dolares                         Cambio
-------------               ------    -------                         ------
Empleo                 725      3%    Tasa Prima                 10%      0%
Ventas/Empleado   $    511      2%    Préstamo Límite        $ 50000      0%
Unid./Empleado       11.63     27%    Tasa del Impuesto          25%      0%
Invers. de Cap.   $ 440651     13%    Imp. Pag. Período      $ 43555      9%
Capacid. Utiliz.       86%      2%    Imp. Pag. Fecha        $119600     57%

         ATENEA     TINA ARTEMISA     TRES  ALIADIN  CHIDOXX  IRONBAD MOUNTAIN
       -------- -------- -------- -------- -------- -------- -------- --------
Ventas  $ 53212  $ 54207  $ 45855  $ 48720  $ 37434  $ 48662  $ 47460  $ 35090
Util.   $ 16228  $ 20796  $ 16924  $ 17356  $ 12892  $ 18309  $ 16969  $ 11192
Precio  $    53  $    57  $    45  $    58  $    51  $    58  $    60  $    58
GanRet  $ 43117  $ 50691  $ 48365  $ 43071  $ 43232  $ 44381  $ 50294  $ 35641
UnRepa      15%      14%      15%      12%      11%      12%      12%       9%
MPI         361      419      396      354      355      372      413      298

Industry Notes
--------------
 Si los costos son bajos y los precios suben, los margenes de utilidad.
 mejorar n. ¨Probablemente qu‚ pasar  con los precios el pr¢ximo per¡odo?

 Con los precios altos, las ordenes y las ventas son m s bajas 
 que la producci¢n. Los inventarios son altos. ¨Qu‚ direcci¢n 
 tomar n los precios probablemente el pr¢ximo per¡odo?

 La Capacidad Utilizada est  sobre el 80%, el m s eficiente nivel.
 Desde que el inventario fue incrementado este per¡odo, ¨en qu‚
 nivel esperas que la Capacidad estar  el pr¢ximo per¡odo?

 Con una Inversi¢n de Capital alto, habr  m s capacidad en la industria el 
 pr¢ximo per¡odo. Para las compa¤¡as que invirtieron, operaciones eficientes 
 que requer¡an una producción m s alta pero con un costo m s bajo por unidad.

