                  Reporte Industrial    Período 5

Unidades                    Cambio    Dolares                         Cambio
--------                    ------    -------                         ------
Total Ordenes         9679      6%    Ventas Industr.        $424302     10%
Total Produc.         9696     13%    Precio Promedio        $ 44.49     -8%
Total Vendido         9536     21%    Total Producción       $ 92783      7%
Capac. Total         11161     11%    Costo Prom Pdun        $  9.57     -4%
Inventario            1400     13%    Total Costo Prom       $ 22.88    -20%

Productividad               Cambio    Dolares                         Cambio
-------------               ------    -------                         ------
Empleo                 729      2%    Tasa Prima                 10%      0%
Ventas/Empleado   $    582      9%    Préstamo Límite        $ 50000      0%
Unid./Empleado       13.30     11%    Tasa del Impuesto          25%      0%
Invers. de Cap.   $ 484751      9%    Imp. Pag. Período      $ 51537     31%
Capacid. Utiliz.       87%      1%    Imp. Pag. Fecha        $163984     46%

       BUSSINES LSBROSKI      LNE    TOROS  MCLOVIN      NYP PORTECHA   HERMES
       -------- -------- -------- -------- -------- -------- -------- --------
Ventas  $ 57372  $ 62510  $ 48400  $ 60060  $ 51876  $ 43989  $ 47745  $ 52350
Util.   $ 21127  $ 17422  $ 18838  $ 22876  $ 23128  $ 16246  $ 12578  $ 22390
Precio  $    42  $    47  $    44  $    42  $    44  $    43  $    45  $    50
GanRet  $ 70110  $ 59213  $ 49666  $ 57230  $ 70238  $ 56887  $ 53442  $ 64075
UnRepa      14%      14%      12%      15%      12%      11%      11%      11%
MPI         475      408      345      398      468      382      368      434

Industry Notes
--------------
 Con sus costos bajos las compañías tienen la oportunidad de bajar 
attract more customers.

 Aunque los precios son bajos, las ordenes y ventas son m s bajas 
 que la producci¢n. Los inventarios son altos. ¨Qu‚ direcci¢n 
 tomar n los precios probablemente el pr¢ximo per¡odo?

 La Capacidad Utilizada est  sobre el 80%, el m s eficiente nivel.
 Desde que el inventario fue incrementado este per¡odo, ¨en qu‚
 nivel esperas que la Capacidad estar  el pr¢ximo per¡odo?

 Con una Inversi¢n de Capital alto, habr  m s capacidad en la industria el 
 pr¢ximo per¡odo. Para las compa¤¡as que invirtieron, operaciones eficientes 
 que requer¡an una producción m s alta pero con un costo m s bajo por unidad.

