            Reporte de la Compañía ATENEA for Período 5

Estado de Ingresos         % Ventas  Reporte de Operaciones
------------------           ------  ----------------------
Ventas             $  43904    100%  Decisiones:Precio     $    56
CBV                $  -9079     21%             Producción    1379 unid.
                  --------- -------             Marketing  $  8500
Margen Bruto       $  34825     79%             Inversión  $ 10000
Marketing          $  -8500     19%             I & D      $   500
Depreciación       $  -2758      6%
I & D              $   -500      1%
Carga Social       $      0      0%  Reporte de Producción:
Cargo Inventario   $   -185      0%  Producción               1379 unid.
Interés            $   -648      1%  Capacid. de Fábrica      1379 unid.
                  --------- -------  Capacid. Utilizada       100%
Utilid.ant.de Imp. $  22234     51%  Produc.Costo/Unidad   $ 11.47
Impuestos          $  -5559     13%  Inventario                780 unid.
                  --------- -------  Empleados                 105 trabaj.
Utilidad Neta      $  16675     38%

Hoja de Balance             % Total  Reporte de Marketing:
---------------             -------  Ordenes Recibidas         784 unid.
Efectivo           $  34753     33%  Ventas Realizadas         784 unid.
Inventario         $   9035      9%  Ordenes no Realizadas       0 unid.
Inver. de Capital  $  62407     59%  Precio/Unid. Vendida  $ 56.00
                  --------- -------  Tot. Costo/Unid Vend. $ 27.64
Total Activo       $ 106195    100%  Margen/Unid.Vendida   $ 28.36

Préstamos          $  23565     22%  Reporte de Inversión:
Ganancias Reten.   $  59792     56%  Capacid.de Fabr. $  55165    1379 unid.
Capital            $  22838     22%  Inversión Neta   $   7242     181 unid.
                  --------- -------                   --------- ------
Pasivo+Patrimonio  $ 106195    100%  Próx. Capacidad  $  62407    1560 unid.

Flujo de Caja
---------
Caja Inicial       $  44438
Utilidad Neta      $  16675
Depreciación       $   2758
Invers. de Capital $ -10000
Cambio de Invent.  $  -6739
Préstamo Neto      $ -12378
                  ---------
Caja Final         $  34753

 La producción (cantidad ofertada) fue mayor que la demanda.
--Puede incrementar la cantidad demandada con un precio m s bajo.
--Puede incrementar la demanda (la curva de la demanda cambia a la derecha) 
 inviertiendo m s en el marketing e I & D.
--Puede reducir la cantidad ofertada produciendo menos.

 En este período su inventario excede 10 23601e su producción. Remember
there is an opportunity cost to carrying inventory. 
¿Es esto parte de su estrategia a largo plazo?

 Su producción est  por encima del 5 23601el costo mínimo por unidad, del nivel 
 de producción. Ud. podría reducir la producción o incrementar la capacidad 
 para lograr un costo mínimo por unidad.

