            Reporte de la Compañía TINA for Período 5

Estado de Ingresos         % Ventas  Reporte de Operaciones
------------------           ------  ----------------------
Ventas             $  48400    100%  Decisiones:Precio     $    50
CBV                $  -8509     18%             Producción    1114 unid.
                  --------- -------             Marketing  $ 10000
Margen Bruto       $  39891     82%             Inversión  $  2786
Marketing          $ -10000     21%             I & D      $  3500
Depreciación       $  -2786      6%
I & D              $  -3500      7%
Carga Social       $      0      0%  Reporte de Producción:
Cargo Inventario   $   -244      1%  Producción               1114 unid.
Interés            $   -210      0%  Capacid. de Fábrica      1393 unid.
                  --------- -------  Capacid. Utilizada        80%
Utilid.ant.de Imp. $  23151     48%  Produc.Costo/Unidad   $  8.65
Impuestos          $  -5788     12%  Inventario                390 unid.
                  --------- -------  Empleados                  84 trabaj.
Utilidad Neta      $  17363     36%

Hoja de Balance             % Total  Reporte de Marketing:
---------------             -------  Ordenes Recibidas         968 unid.
Efectivo           $  39371     40%  Ventas Realizadas         968 unid.
Inventario         $   3426      3%  Ordenes no Realizadas       0 unid.
Inver. de Capital  $  55723     57%  Precio/Unid. Vendida  $ 50.00
                  --------- -------  Tot. Costo/Unid Vend. $ 26.08
Total Activo       $  98520    100%  Margen/Unid.Vendida   $ 23.92

Préstamos          $   7628      8%  Reporte de Inversión:
Ganancias Reten.   $  68054     69%  Capacid.de Fabr. $  55723    1393 unid.
Capital            $  22838     23%  Inversión Neta   $      0       0 unid.
                  --------- -------                   --------- ------
Pasivo+Patrimonio  $  98520    100%  Próx. Capacidad  $  55723    1393 unid.

Flujo de Caja
---------
Caja Inicial       $  43764
Utilidad Neta      $  17363
Depreciación       $   2786
Invers. de Capital $  -2786
Cambio de Invent.  $  -1128
Préstamo Neto      $ -20627
                  ---------
Caja Final         $  39371

 La producción (cantidad ofertada) fue mayor que la demanda.
--Puede incrementar la cantidad demandada con un precio m s bajo.
--Puede incrementar la demanda (la curva de la demanda cambia a la derecha) 
 inviertiendo m s en el marketing e I & D.
--Puede reducir la cantidad ofertada produciendo menos.

 En este período su inventario excede 10 23601e su producción. Remember
there is an opportunity cost to carrying inventory. 
¿Es esto parte de su estrategia a largo plazo?

