            Reporte de la Compañía ARTEMISA for Período 5

Estado de Ingresos         % Ventas  Reporte de Operaciones
------------------           ------  ----------------------
Ventas             $  37576    100%  Decisiones:Precio     $    44
CBV                $  -7788     21%             Producción    1321 unid.
                  --------- -------             Marketing  $  6500
Margen Bruto       $  29788     79%             Inversión  $ 10000
Marketing          $  -6500     17%             I & D      $  5000
Depreciación       $  -2936      8%
I & D              $  -5000     13%
Carga Social       $      0      0%  Reporte de Producción:
Cargo Inventario   $   -134      0%  Producción               1321 unid.
Interés            $   -532      1%  Capacid. de Fábrica      1468 unid.
                  --------- -------  Capacid. Utilizada        90%
Utilid.ant.de Imp. $  14686     39%  Produc.Costo/Unidad   $  9.05
Impuestos          $  -3672     10%  Inventario                601 unid.
                  --------- -------  Empleados                  94 trabaj.
Utilidad Neta      $  11014     29%

Hoja de Balance             % Total  Reporte de Marketing:
---------------             -------  Ordenes Recibidas         854 unid.
Efectivo           $  30302     30%  Ventas Realizadas         854 unid.
Inventario         $   5483      5%  Ordenes no Realizadas       0 unid.
Inver. de Capital  $  65787     65%  Precio/Unid. Vendida  $ 44.00
                  --------- -------  Tot. Costo/Unid Vend. $ 26.80
Total Activo       $ 101572    100%  Margen/Unid.Vendida   $ 17.20

Préstamos          $  19355     19%  Reporte de Inversión:
Ganancias Reten.   $  59379     58%  Capacid.de Fabr. $  58723    1468 unid.
Capital            $  22838     22%  Inversión Neta   $   7064     177 unid.
                  --------- -------                   --------- ------
Pasivo+Patrimonio  $ 101572    100%  Próx. Capacidad  $  65787    1645 unid.

Flujo de Caja
---------
Caja Inicial       $  36930
Utilidad Neta      $  11014
Depreciación       $   2936
Invers. de Capital $ -10000
Cambio de Invent.  $  -4167
Préstamo Neto      $  -6411
                  ---------
Caja Final         $  30302

 La producción (cantidad ofertada) fue mayor que la demanda.
--Puede incrementar la cantidad demandada con un precio m s bajo.
--Puede incrementar la demanda (la curva de la demanda cambia a la derecha) 
 inviertiendo m s en el marketing e I & D.
--Puede reducir la cantidad ofertada produciendo menos.

 En este período su inventario excede 10 23601e su producción. Remember
there is an opportunity cost to carrying inventory. 
¿Es esto parte de su estrategia a largo plazo?

 Su producción est  por encima del 5 23601el costo mínimo por unidad, del nivel 
 de producción. Ud. podría reducir la producción o incrementar la capacidad 
 para lograr un costo mínimo por unidad.

