            Reporte de la Compañía TRES for Período 5

Estado de Ingresos         % Ventas  Reporte de Operaciones
------------------           ------  ----------------------
Ventas             $  63210    100%  Decisiones:Precio     $    35
CBV                $ -20823     33%             Producción    1400 unid.
                  --------- -------             Marketing  $ 10000
Margen Bruto       $  42387     67%             Inversión  $  2800
Marketing          $ -10000     16%             I & D      $     1
Depreciación       $  -2800      4%
I & D              $     -1      0%
Carga Social       $      0      0%  Reporte de Producción:
Cargo Inventario   $     -4      0%  Producción               1400 unid.
Interés            $   -577      1%  Capacid. de Fábrica      1400 unid.
                  --------- -------  Capacid. Utilizada       100%
Utilid.ant.de Imp. $  29005     46%  Produc.Costo/Unidad   $ 11.38
Impuestos          $  -7251     11%  Inventario                  4 unid.
                  --------- -------  Empleados                 105 trabaj.
Utilidad Neta      $  21754     34%

Hoja de Balance             % Total  Reporte de Marketing:
---------------             -------  Ordenes Recibidas        1806 unid.
Efectivo           $  52578     48%  Ventas Realizadas        1806 unid.
Inventario         $     54      0%  Ordenes no Realizadas       0 unid.
Inver. de Capital  $  56000     52%  Precio/Unid. Vendida  $ 35.00
                  --------- -------  Tot. Costo/Unid Vend. $ 18.94
Total Activo       $ 108632    100%  Margen/Unid.Vendida   $ 16.06

Préstamos          $  20969     19%  Reporte de Inversión:
Ganancias Reten.   $  64825     60%  Capacid.de Fabr. $  56000    1400 unid.
Capital            $  22838     21%  Inversión Neta   $      0       0 unid.
                  --------- -------                   --------- ------
Pasivo+Patrimonio  $ 108632    100%  Próx. Capacidad  $  56000    1400 unid.

Flujo de Caja
---------
Caja Inicial       $  39486
Utilidad Neta      $  21754
Depreciación       $   2800
Invers. de Capital $  -2800
Cambio de Invent.  $   4891
Préstamo Neto      $ -13553
                  ---------
Caja Final         $  52578

 La cantidad demandada fue mayor que la producción (cantidad ofertada).
--Puede reducir la cantidad demandada con un precio m s alto.
--Puede reducir la demanda (la curva de la demanda cambiar a la izquierda)
 con menos marketing y/o menos I&D.
--Puede incrementar la cantidad ofertada con más producción.

 Su producción est  por encima del 5 23601el costo mínimo por unidad, del nivel 
 de producción. Ud. podría reducir la producción o incrementar la capacidad 
 para lograr un costo mínimo por unidad.

