            Reporte de la Compañía ALIADIN for Período 5

Estado de Ingresos         % Ventas  Reporte de Operaciones
------------------           ------  ----------------------
Ventas             $  39192    100%  Decisiones:Precio     $    46
CBV                $  -7395     19%             Producción    1140 unid.
                  --------- -------             Marketing  $  8500
Margen Bruto       $  31797     81%             Inversión  $ 10000
Marketing          $  -8500     22%             I & D      $  4500
Depreciación       $  -2850      7%
I & D              $  -4500     11%
Carga Social       $      0      0%  Reporte de Producción:
Cargo Inventario   $   -256      1%  Producción               1140 unid.
Interés            $   -638      2%  Capacid. de Fábrica      1425 unid.
                  --------- -------  Capacid. Utilizada        80%
Utilid.ant.de Imp. $  15053     38%  Produc.Costo/Unidad   $  8.53
Impuestos          $  -3763     10%  Inventario                544 unid.
                  --------- -------  Empleados                  84 trabaj.
Utilidad Neta      $  11290     29%

Hoja de Balance             % Total  Reporte de Marketing:
---------------             -------  Ordenes Recibidas         852 unid.
Efectivo           $  31685     32%  Ventas Realizadas         852 unid.
Inventario         $   4728      5%  Ordenes no Realizadas       0 unid.
Inver. de Capital  $  64158     64%  Precio/Unid. Vendida  $ 46.00
                  --------- -------  Tot. Costo/Unid Vend. $ 28.33
Total Activo       $ 100571    100%  Margen/Unid.Vendida   $ 17.67

Préstamos          $  23211     23%  Reporte de Inversión:
Ganancias Reten.   $  54522     54%  Capacid.de Fabr. $  57008    1425 unid.
Capital            $  22838     23%  Inversión Neta   $   7150     179 unid.
                  --------- -------                   --------- ------
Pasivo+Patrimonio  $ 100571    100%  Próx. Capacidad  $  64158    1604 unid.

Flujo de Caja
---------
Caja Inicial       $  30019
Utilidad Neta      $  11290
Depreciación       $   2850
Invers. de Capital $ -10000
Cambio de Invent.  $  -2329
Préstamo Neto      $   -145
                  ---------
Caja Final         $  31685

 La producción (cantidad ofertada) fue mayor que la demanda.
--Puede incrementar la cantidad demandada con un precio m s bajo.
--Puede incrementar la demanda (la curva de la demanda cambia a la derecha) 
 inviertiendo m s en el marketing e I & D.
--Puede reducir la cantidad ofertada produciendo menos.

 En este período su inventario excede 10 23601e su producción. Remember
there is an opportunity cost to carrying inventory. 
¿Es esto parte de su estrategia a largo plazo?

