            Reporte de la Compañía CHIDOXX for Período 5

Estado de Ingresos         % Ventas  Reporte de Operaciones
------------------           ------  ----------------------
Ventas             $  43092    100%  Decisiones:Precio     $    54
CBV                $  -7350     17%             Producción    1080 unid.
                  --------- -------             Marketing  $ 10000
Margen Bruto       $  35742     83%             Inversión  $  2702
Marketing          $ -10000     23%             I & D      $  3500
Depreciación       $  -2702      6%
I & D              $  -3500      8%
Carga Social       $      0      0%  Reporte de Producción:
Cargo Inventario   $   -476      1%  Producción               1080 unid.
Interés            $   -403      1%  Capacid. de Fábrica      1350 unid.
                  --------- -------  Capacid. Utilizada        80%
Utilid.ant.de Imp. $  18661     43%  Produc.Costo/Unidad   $  8.83
Impuestos          $  -4665     11%  Inventario                758 unid.
                  --------- -------  Empleados                  84 trabaj.
Utilidad Neta      $  13996     32%

Hoja de Balance             % Total  Reporte de Marketing:
---------------             -------  Ordenes Recibidas         798 unid.
Efectivo           $  34845     36%  Ventas Realizadas         798 unid.
Inventario         $   6982      7%  Ordenes no Realizadas       0 unid.
Inver. de Capital  $  54033     56%  Precio/Unid. Vendida  $ 54.00
                  --------- -------  Tot. Costo/Unid Vend. $ 30.62
Total Activo       $  95860    100%  Margen/Unid.Vendida   $ 23.38

Préstamos          $  14645     15%  Reporte de Inversión:
Ganancias Reten.   $  58377     61%  Capacid.de Fabr. $  54033    1350 unid.
Capital            $  22838     24%  Inversión Neta   $      0       0 unid.
                  --------- -------                   --------- ------
Pasivo+Patrimonio  $  95860    100%  Próx. Capacidad  $  54033    1351 unid.

Flujo de Caja
---------
Caja Inicial       $  38966
Utilidad Neta      $  13996
Depreciación       $   2702
Invers. de Capital $  -2702
Cambio de Invent.  $  -2187
Préstamo Neto      $ -15930
                  ---------
Caja Final         $  34845

 La producción (cantidad ofertada) fue mayor que la demanda.
--Puede incrementar la cantidad demandada con un precio m s bajo.
--Puede incrementar la demanda (la curva de la demanda cambia a la derecha) 
 inviertiendo m s en el marketing e I & D.
--Puede reducir la cantidad ofertada produciendo menos.

 En este período su inventario excede 10 23601e su producción. Remember
there is an opportunity cost to carrying inventory. 
¿Es esto parte de su estrategia a largo plazo?

