            Reporte de la Compañía IRONBAD for Período 5

Estado de Ingresos         % Ventas  Reporte de Operaciones
------------------           ------  ----------------------
Ventas             $  41870    100%  Decisiones:Precio     $    53
CBV                $  -6841     16%             Producción    1160 unid.
                  --------- -------             Marketing  $ 10000
Margen Bruto       $  35029     84%             Inversión  $  2900
Marketing          $ -10000     24%             I & D      $  3000
Depreciación       $  -2900      7%
I & D              $  -3000      7%
Carga Social       $      0      0%  Reporte de Producción:
Cargo Inventario   $   -375      1%  Producción               1160 unid.
Interés            $   -307      1%  Capacid. de Fábrica      1449 unid.
                  --------- -------  Capacid. Utilizada        80%
Utilid.ant.de Imp. $  18447     44%  Produc.Costo/Unidad   $  8.43
Impuestos          $  -4612     11%  Inventario                745 unid.
                  --------- -------  Empleados                  84 trabaj.
Utilidad Neta      $  13835     33%

Hoja de Balance             % Total  Reporte de Marketing:
---------------             -------  Ordenes Recibidas         790 unid.
Efectivo           $  33677     34%  Ventas Realizadas         790 unid.
Inventario         $   6446      7%  Ordenes no Realizadas       0 unid.
Inver. de Capital  $  57999     59%  Precio/Unid. Vendida  $ 53.00
                  --------- -------  Tot. Costo/Unid Vend. $ 29.65
Total Activo       $  98122    100%  Margen/Unid.Vendida   $ 23.35

Préstamos          $  11155     11%  Reporte de Inversión:
Ganancias Reten.   $  64129     65%  Capacid.de Fabr. $  57999    1449 unid.
Capital            $  22838     23%  Inversión Neta   $      0       0 unid.
                  --------- -------                   --------- ------
Pasivo+Patrimonio  $  98122    100%  Próx. Capacidad  $  57999    1450 unid.

Flujo de Caja
---------
Caja Inicial       $  38365
Utilidad Neta      $  13835
Depreciación       $   2900
Invers. de Capital $  -2900
Cambio de Invent.  $  -2937
Préstamo Neto      $ -15586
                  ---------
Caja Final         $  33677

 La producción (cantidad ofertada) fue mayor que la demanda.
--Puede incrementar la cantidad demandada con un precio m s bajo.
--Puede incrementar la demanda (la curva de la demanda cambia a la derecha) 
 inviertiendo m s en el marketing e I & D.
--Puede reducir la cantidad ofertada produciendo menos.

 En este período su inventario excede 10 23601e su producción. Remember
there is an opportunity cost to carrying inventory. 
¿Es esto parte de su estrategia a largo plazo?

