            Reporte de la Compañía MOUNTAIN for Período 5

Estado de Ingresos         % Ventas  Reporte de Operaciones
------------------           ------  ----------------------
Ventas             $  46053    100%  Decisiones:Precio     $    43
CBV                $ -10689     23%             Producción     920 unid.
                  --------- -------             Marketing  $ 10000
Margen Bruto       $  35364     77%             Inversión  $  4300
Marketing          $ -10000     22%             I & D      $   500
Depreciación       $  -2300      5%
I & D              $   -500      1%
Carga Social       $      0      0%  Reporte de Producción:
Cargo Inventario   $    -84      0%  Producción                920 unid.
Interés            $   -318      1%  Capacid. de Fábrica      1150 unid.
                  --------- -------  Capacid. Utilizada        80%
Utilid.ant.de Imp. $  22162     48%  Produc.Costo/Unidad   $  9.85
Impuestos          $  -5541     12%  Inventario                 84 unid.
                  --------- -------  Empleados                  84 trabaj.
Utilidad Neta      $  16621     36%

Hoja de Balance             % Total  Reporte de Marketing:
---------------             -------  Ordenes Recibidas        1071 unid.
Efectivo           $  37809     44%  Ventas Realizadas        1071 unid.
Inventario         $    842      1%  Ordenes no Realizadas       0 unid.
Inver. de Capital  $  48000     55%  Precio/Unid. Vendida  $ 43.00
                  --------- -------  Tot. Costo/Unid Vend. $ 22.31
Total Activo       $  86651    100%  Margen/Unid.Vendida   $ 20.69

Préstamos          $  11551     13%  Reporte de Inversión:
Ganancias Reten.   $  52262     60%  Capacid.de Fabr. $  46000    1150 unid.
Capital            $  22838     26%  Inversión Neta   $   2000      50 unid.
                  --------- -------                   --------- ------
Pasivo+Patrimonio  $  86651    100%  Próx. Capacidad  $  48000    1200 unid.

Flujo de Caja
---------
Caja Inicial       $  28743
Utilidad Neta      $  16621
Depreciación       $   2300
Invers. de Capital $  -4300
Cambio de Invent.  $   1626
Préstamo Neto      $  -7181
                  ---------
Caja Final         $  37809

 La cantidad demandada fue mayor que la producción (cantidad ofertada).
--Puede reducir la cantidad demandada con un precio m s alto.
--Puede reducir la demanda (la curva de la demanda cambiar a la izquierda)
 con menos marketing y/o menos I&D.
--Puede incrementar la cantidad ofertada con más producción.

