                  Reporte Industrial    Período 1

Unidades                    Cambio    Dolares                         Cambio
--------                    ------    -------                         ------
Total Ordenes         5482     74%    Ventas Industr.        $179400     90%
Total Produc.         3360      7%    Precio Promedio        $ 55.10     84%
Total Vendido         3256      4%    Total Producción       $ 60480      5%
Capac. Total          4200      0%    Costo Prom Pdun        $ 18.00     -1%
Inventario             104      0%    Total Costo Prom       $ 46.66     84%

Productividad               Cambio    Dolares                         Cambio
-------------               ------    -------                         ------
Empleo                 672      7%    Tasa Prima                 10%      0%
Ventas/Empleado   $    267     78%    Préstamo Límite        $ 50000      0%
Unid./Empleado        5.00      0%    Tasa del Impuesto          25%      0%
Invers. de Cap.   $ 249500     49%    Imp. Pag. Período      $  6865     86%
Capacid. Utiliz.       80%      5%    Imp. Pag. Fecha        $ 10553    186%

         ATENEA     TINA ARTEMISA     TRES  ALIADIN  CHIDOXX  IRONBAD MOUNTAIN
       -------- -------- -------- -------- -------- -------- -------- --------
Ventas  $ 23940  $ 26810  $ 18900  $ 20160  $ 18900  $ 28492  $ 23718  $ 18480
Util.   $  2154  $  2639  $  3914  $ -1072  $  3955  $  3897  $  1483  $  3357
Precio  $    57  $    70  $    45  $    48  $    45  $    68  $    67  $    44
GanRet  $  3537  $  4022  $  5296  $   579  $  5338  $  5280  $  2866  $  4740
UnRepa      13%      12%      13%      13%      13%      13%      11%      13%
MPI         111      120      136       58      137      144       98      127

Industry Notes
--------------
 Las compañías compensan sus costos altos con precios altos. 
¿Qué efecto tuvo esto en las ordenes?

 Las ordenes excedieron a la producción aún cuando los precios se incrementaron.
 Algunas compañías deben tener inversiones fuertes en Marketing o en I&D.

 Con una Inversi¢n de Capital alto, habr  m s capacidad en la industria el 
 pr¢ximo per¡odo. Para las compa¤¡as que invirtieron, operaciones eficientes 
 que requer¡an una producción m s alta pero con un costo m s bajo por unidad.

